Archive member included to satisfy reference by file (symbol)

C:\Users\Bacnk\Documents\CODE_MCU_git\testinmp441\Middlewares\ST\STM32_Audio\Addons\SVC\Lib\libSVC.a(svc.o)
                              ./Core/Src/UsbMicrophone.o (svc_reset)
C:\Users\Bacnk\Documents\CODE_MCU_git\testinmp441\Middlewares\ST\STM32_Audio\Addons\GREQ\Lib\libGREQ.a(greq.o)
                              ./Core/Src/UsbMicrophone.o (greq_reset)
C:/ST/STM32CubeIDE_1.19.0/STM32CubeIDE/plugins/com.st.stm32cube.ide.mcu.externaltools.gnu-tools-for-stm32.13.3.rel1.win32_1.0.0.202411081344/tools/bin/../lib/gcc/arm-none-eabi/13.3.1/../../../../arm-none-eabi/lib/thumb/v7e-m+fp/hard\libstdc++_nano.a(new_opv.o)
                              ./Core/Src/UsbMicrophone.o (operator new[](unsigned int))
C:/ST/STM32CubeIDE_1.19.0/STM32CubeIDE/plugins/com.st.stm32cube.ide.mcu.externaltools.gnu-tools-for-stm32.13.3.rel1.win32_1.0.0.202411081344/tools/bin/../lib/gcc/arm-none-eabi/13.3.1/../../../../arm-none-eabi/lib/thumb/v7e-m+fp/hard\libstdc++_nano.a(new_op.o)
                              C:/ST/STM32CubeIDE_1.19.0/STM32CubeIDE/plugins/com.st.stm32cube.ide.mcu.externaltools.gnu-tools-for-stm32.13.3.rel1.win32_1.0.0.202411081344/tools/bin/../lib/gcc/arm-none-eabi/13.3.1/../../../../arm-none-eabi/lib/thumb/v7e-m+fp/hard\libstdc++_nano.a(new_opv.o) (operator new(unsigned int))
C:/ST/STM32CubeIDE_1.19.0/STM32CubeIDE/plugins/com.st.stm32cube.ide.mcu.externaltools.gnu-tools-for-stm32.13.3.rel1.win32_1.0.0.202411081344/tools/bin/../lib/gcc/arm-none-eabi/13.3.1/../../../../arm-none-eabi/lib/thumb/v7e-m+fp/hard\libstdc++_nano.a(new_handler.o)
                              C:/ST/STM32CubeIDE_1.19.0/STM32CubeIDE/plugins/com.st.stm32cube.ide.mcu.externaltools.gnu-tools-for-stm32.13.3.rel1.win32_1.0.0.202411081344/tools/bin/../lib/gcc/arm-none-eabi/13.3.1/../../../../arm-none-eabi/lib/thumb/v7e-m+fp/hard\libstdc++_nano.a(new_op.o) (std::get_new_handler())
C:/ST/STM32CubeIDE_1.19.0/STM32CubeIDE/plugins/com.st.stm32cube.ide.mcu.externaltools.gnu-tools-for-stm32.13.3.rel1.win32_1.0.0.202411081344/tools/bin/../lib/gcc/arm-none-eabi/13.3.1/../../../../arm-none-eabi/lib/thumb/v7e-m+fp/hard\libc_nano.a(libc_a-abort.o)
                              C:/ST/STM32CubeIDE_1.19.0/STM32CubeIDE/plugins/com.st.stm32cube.ide.mcu.externaltools.gnu-tools-for-stm32.13.3.rel1.win32_1.0.0.202411081344/tools/bin/../lib/gcc/arm-none-eabi/13.3.1/../../../../arm-none-eabi/lib/thumb/v7e-m+fp/hard\libstdc++_nano.a(new_op.o) (abort)
C:/ST/STM32CubeIDE_1.19.0/STM32CubeIDE/plugins/com.st.stm32cube.ide.mcu.externaltools.gnu-tools-for-stm32.13.3.rel1.win32_1.0.0.202411081344/tools/bin/../lib/gcc/arm-none-eabi/13.3.1/../../../../arm-none-eabi/lib/thumb/v7e-m+fp/hard\libc_nano.a(libc_a-exit.o)
                              C:/ST/STM32CubeIDE_1.19.0/STM32CubeIDE/plugins/com.st.stm32cube.ide.mcu.externaltools.gnu-tools-for-stm32.13.3.rel1.win32_1.0.0.202411081344/tools/bin/../lib/gcc/arm-none-eabi/13.3.1/../../../../arm-none-eabi/lib/thumb/v7e-m+fp/hard/crt0.o (exit)
C:/ST/STM32CubeIDE_1.19.0/STM32CubeIDE/plugins/com.st.stm32cube.ide.mcu.externaltools.gnu-tools-for-stm32.13.3.rel1.win32_1.0.0.202411081344/tools/bin/../lib/gcc/arm-none-eabi/13.3.1/../../../../arm-none-eabi/lib/thumb/v7e-m+fp/hard\libc_nano.a(libc_a-itoa.o)
                              ./Middlewares/ST/STM32_USB_Device_Library/Class/AUDIO/Src/usbd_audio_in.o (itoa)
C:/ST/STM32CubeIDE_1.19.0/STM32CubeIDE/plugins/com.st.stm32cube.ide.mcu.externaltools.gnu-tools-for-stm32.13.3.rel1.win32_1.0.0.202411081344/tools/bin/../lib/gcc/arm-none-eabi/13.3.1/../../../../arm-none-eabi/lib/thumb/v7e-m+fp/hard\libc_nano.a(libc_a-malloc.o)
                              C:/ST/STM32CubeIDE_1.19.0/STM32CubeIDE/plugins/com.st.stm32cube.ide.mcu.externaltools.gnu-tools-for-stm32.13.3.rel1.win32_1.0.0.202411081344/tools/bin/../lib/gcc/arm-none-eabi/13.3.1/../../../../arm-none-eabi/lib/thumb/v7e-m+fp/hard\libstdc++_nano.a(new_op.o) (malloc)
C:/ST/STM32CubeIDE_1.19.0/STM32CubeIDE/plugins/com.st.stm32cube.ide.mcu.externaltools.gnu-tools-for-stm32.13.3.rel1.win32_1.0.0.202411081344/tools/bin/../lib/gcc/arm-none-eabi/13.3.1/../../../../arm-none-eabi/lib/thumb/v7e-m+fp/hard\libc_nano.a(libc_a-mallocr.o)
                              C:/ST/STM32CubeIDE_1.19.0/STM32CubeIDE/plugins/com.st.stm32cube.ide.mcu.externaltools.gnu-tools-for-stm32.13.3.rel1.win32_1.0.0.202411081344/tools/bin/../lib/gcc/arm-none-eabi/13.3.1/../../../../arm-none-eabi/lib/thumb/v7e-m+fp/hard\libc_nano.a(libc_a-malloc.o) (_malloc_r)
C:/ST/STM32CubeIDE_1.19.0/STM32CubeIDE/plugins/com.st.stm32cube.ide.mcu.externaltools.gnu-tools-for-stm32.13.3.rel1.win32_1.0.0.202411081344/tools/bin/../lib/gcc/arm-none-eabi/13.3.1/../../../../arm-none-eabi/lib/thumb/v7e-m+fp/hard\libc_nano.a(libc_a-mlock.o)
[...]
Memory Configuration

Name             Origin             Length             Attributes
CCMRAM           0x10000000         0x00010000         xrw
RAM              0x20000000         0x00020000         xrw
FLASH            0x08000000         0x00100000         xr
*default*        0x00000000         0xffffffff

Linker script and memory map

LOAD C:/ST/STM32CubeIDE_1.19.0/STM32CubeIDE/plugins/com.st.stm32cube.ide.mcu.externaltools.gnu-tools-for-stm32.13.3.rel1.win32_1.0.0.202411081344/tools/bin/../lib/gcc/arm-none-eabi/13.3.1/thumb/v7e-m+fp/hard/crti.o
LOAD C:/ST/STM32CubeIDE_1.19.0/STM32CubeIDE/plugins/com.st.stm32cube.ide.mcu.externaltools.gnu-tools-for-stm32.13.3.rel1.win32_1.0.0.202411081344/tools/bin/../lib/gcc/arm-none-eabi/13.3.1/thumb/v7e-m+fp/hard/crtbegin.o
LOAD C:/ST/STM32CubeIDE_1.19.0/STM32CubeIDE/plugins/com.st.stm32cube.ide.mcu.externaltools.gnu-tools-for-stm32.13.3.rel1.win32_1.0.0.202411081344/tools/bin/../lib/gcc/arm-none-eabi/13.3.1/../../../../arm-none-eabi/lib/thumb/v7e-m+fp/hard/crt0.o
LOAD ./Core/Src/Audio.o
LOAD ./Core/Src/UsbMicrophone.o
LOAD ./Core/Src/main.o
LOAD ./Core/Src/stm32f4xx_hal_msp.o
LOAD ./Core/Src/stm32f4xx_hal_timebase_tim.o
LOAD ./Core/Src/stm32f4xx_it.o
LOAD ./Core/Src/syscalls.o
LOAD ./Core/Src/sysmem.o
LOAD ./Core/Src/system_stm32f4xx.o
LOAD ./Core/Startup/startup_stm32f407vgtx.o
LOAD ./Drivers/STM32F4xx_HAL_Driver/Src/stm32f4xx_hal.o
LOAD ./Drivers/STM32F4xx_HAL_Driver/Src/stm32f4xx_hal_cortex.o
LOAD ./Drivers/STM32F4xx_HAL_Driver/Src/stm32f4xx_hal_dma.o
LOAD ./Drivers/STM32F4xx_HAL_Driver/Src/stm32f4xx_hal_dma_ex.o
LOAD ./Drivers/STM32F4xx_HAL_Driver/Src/stm32f4xx_hal_exti.o
LOAD ./Drivers/STM32F4xx_HAL_Driver/Src/stm32f4xx_hal_flash.o
LOAD ./Drivers/STM32F4xx_HAL_Driver/Src/stm32f4xx_hal_flash_ex.o
LOAD ./Drivers/STM32F4xx_HAL_Driver/Src/stm32f4xx_hal_flash_ramfunc.o
LOAD ./Drivers/STM32F4xx_HAL_Driver/Src/stm32f4xx_hal_gpio.o
LOAD ./Drivers/STM32F4xx_HAL_Driver/Src/stm32f4xx_hal_i2s.o
LOAD ./Drivers/STM32F4xx_HAL_Driver/Src/stm32f4xx_hal_i2s_ex.o
LOAD ./Drivers/STM32F4xx_HAL_Driver/Src/stm32f4xx_hal_pcd.o
LOAD ./Drivers/STM32F4xx_HAL_Driver/Src/stm32f4xx_hal_pcd_ex.o
LOAD ./Drivers/STM32F4xx_HAL_Driver/Src/stm32f4xx_hal_pwr.o
LOAD ./Drivers/STM32F4xx_HAL_Driver/Src/stm32f4xx_hal_pwr_ex.o
LOAD ./Drivers/STM32F4xx_HAL_Driver/Src/stm32f4xx_hal_rcc.o
LOAD ./Drivers/STM32F4xx_HAL_Driver/Src/stm32f4xx_hal_rcc_ex.o
LOAD ./Drivers/STM32F4xx_HAL_Driver/Src/stm32f4xx_hal_tim.o
LOAD ./Drivers/STM32F4xx_HAL_Driver/Src/stm32f4xx_hal_tim_ex.o
LOAD ./Drivers/STM32F4xx_HAL_Driver/Src/stm32f4xx_ll_usb.o
LOAD ./Middlewares/ST/STM32_USB_Device_Library/Class/AUDIO/Src/usbd_audio_in.o
LOAD ./Middlewares/ST/STM32_USB_Device_Library/Core/Src/usbd_core.o
LOAD ./Middlewares/ST/STM32_USB_Device_Library/Core/Src/usbd_ctlreq.o
LOAD ./Middlewares/ST/STM32_USB_Device_Library/Core/Src/usbd_ioreq.o
LOAD ./USB_DEVICE/App/usb_device.o
LOAD ./USB_DEVICE/App/usbd_audio_if.o
LOAD ./USB_DEVICE/App/usbd_desc.o
LOAD ./USB_DEVICE/Target/usbd_conf.o
LOAD C:\Users\Bacnk\Documents\CODE_MCU_git\testinmp441\Middlewares\ST\STM32_Audio\Addons\SVC\Lib\libSVC.a
LOAD C:\Users\Bacnk\Documents\CODE_MCU_git\testinmp441\Middlewares\ST\STM32_Audio\Addons\GREQ\Lib\libGREQ.a
START GROUP
LOAD C:/ST/STM32CubeIDE_1.19.0/STM32CubeIDE/plugins/com.st.stm32cube.ide.mcu.externaltools.gnu-tools-for-stm32.13.3.rel1.win32_1.0.0.202411081344/tools/bin/../lib/gcc/arm-none-eabi/13.3.1/../../../../arm-none-eabi/lib/thumb/v7e-m+fp/hard\libstdc++_nano.a
LOAD C:/ST/STM32CubeIDE_1.19.0/STM32CubeIDE/plugins/com.st.stm32cube.ide.mcu.externaltools.gnu-tools-for-stm32.13.3.rel1.win32_1.0.0.202411081344/tools/bin/../lib/gcc/arm-none-eabi/13.3.1/../../../../arm-none-eabi/lib/thumb/v7e-m+fp/hard\libsupc++_nano.a
END GROUP
LOAD C:/ST/STM32CubeIDE_1.19.0/STM32CubeIDE/plugins/com.st.stm32cube.ide.mcu.externaltools.gnu-tools-for-stm32.13.3.rel1.win32_1.0.0.202411081344/tools/bin/../lib/gcc/arm-none-eabi/13.3.1/../../../../arm-none-eabi/lib/thumb/v7e-m+fp/hard\libstdc++_nano.a
LOAD C:/ST/STM32CubeIDE_1.19.0/STM32CubeIDE/plugins/com.st.stm32cube.ide.mcu.externaltools.gnu-tools-for-stm32.13.3.rel1.win32_1.0.0.202411081344/tools/bin/../lib/gcc/arm-none-eabi/13.3.1/../../../../arm-none-eabi/lib/thumb/v7e-m+fp/hard\libm.a
LOAD C:/ST/STM32CubeIDE_1.19.0/STM32CubeIDE/plugins/com.st.stm32cube.ide.mcu.externaltools.gnu-tools-for-stm32.13.3.rel1.win32_1.0.0.202411081344/tools/bin/../lib/gcc/arm-none-eabi/13.3.1/../../../../arm-none-eabi/lib/thumb/v7e-m+fp/hard\libc_nano.a
START GROUP
LOAD C:/ST/STM32CubeIDE_1.19.0/STM32CubeIDE/plugins/com.st.stm32cube.ide.mcu.externaltools.gnu-tools-for-stm32.13.3.rel1.win32_1.0.0.202411081344/tools/bin/../lib/gcc/arm-none-eabi/13.3.1/thumb/v7e-m+fp/hard\libgcc.a
LOAD C:/ST/STM32CubeIDE_1.19.0/STM32CubeIDE/plugins/com.st.stm32cube.ide.mcu.externaltools.gnu-tools-for-stm32.13.3.rel1.win32_1.0.0.202411081344/tools/bin/../lib/gcc/arm-none-eabi/13.3.1/../../../../arm-none-eabi/lib/thumb/v7e-m+fp/hard\libc_nano.a
END GROUP
START GROUP
LOAD C:/ST/STM32CubeIDE_1.19.0/STM32CubeIDE/plugins/com.st.stm32cube.ide.mcu.externaltools.gnu-tools-for-stm32.13.3.rel1.win32_1.0.0.202411081344/tools/bin/../lib/gcc/arm-none-eabi/13.3.1/thumb/v7e-m+fp/hard\libgcc.a
LOAD C:/ST/STM32CubeIDE_1.19.0/STM32CubeIDE/plugins/com.st.stm32cube.ide.mcu.externaltools.gnu-tools-for-stm32.13.3.rel1.win32_1.0.0.202411081344/tools/bin/../lib/gcc/arm-none-eabi/13.3.1/../../../../arm-none-eabi/lib/thumb/v7e-m+fp/hard\libc_nano.a
END GROUP
LOAD C:/ST/STM32CubeIDE_1.19.0/STM32CubeIDE/plugins/com.st.stm32cube.ide.mcu.externaltools.gnu-tools-for-stm32.13.3.rel1.win32_1.0.0.202411081344/tools/bin/../lib/gcc/arm-none-eabi/13.3.1/thumb/v7e-m+fp/hard/crtend.o
LOAD C:/ST/STM32CubeIDE_1.19.0/STM32CubeIDE/plugins/com.st.stm32cube.ide.mcu.externaltools.gnu-tools-for-stm32.13.3.rel1.win32_1.0.0.202411081344/tools/bin/../lib/gcc/arm-none-eabi/13.3.1/thumb/v7e-m+fp/hard/crtn.o
                0x20020000                        _estack = (ORIGIN (RAM) + LENGTH (RAM))
                0x00000200                        _Min_Heap_Size = 0x200
                0x00000400                        _Min_Stack_Size = 0x400

.isr_vector     0x08000000      0x188
                0x08000000                        . = ALIGN (0x4)
 *(.isr_vector)
 .isr_vector    0x08000000      0x188 ./Core/Startup/startup_stm32f407vgtx.o
                0x08000000                g_pfnVectors
                0x08000188                        . = ALIGN (0x4)

.text           0x08000190     0xe2a0
                0x08000190                        . = ALIGN (0x4)
 *(.text)
 .text          0x08000190       0x40 C:/ST/STM32CubeIDE_1.19.0/STM32CubeIDE/plugins/com.st.stm32cube.ide.mcu.externaltools.gnu-tools-for-stm32.13.3.rel1.win32_1.0.0.202411081344/tools/bin/../lib/gcc/arm-none-eabi/13.3.1/thumb/v7e-m+fp/hard/crtbegin.o
 .text          0x080001d0       0xa0 C:/ST/STM32CubeIDE_1.19.0/STM32CubeIDE/plugins/com.st.stm32cube.ide.mcu.externaltools.gnu-tools-for-stm32.13.3.rel1.win32_1.0.0.202411081344/tools/bin/../lib/gcc/arm-none-eabi/13.3.1/../../../../arm-none-eabi/lib/thumb/v7e-m+fp/hard\libc_nano.a(libc_a-memchr.o)
                0x080001d0                memchr
 .text          0x08000270       0x30 C:/ST/STM32CubeIDE_1.19.0/STM32CubeIDE/plugins/com.st.stm32cube.ide.mcu.externaltools.gnu-tools-for-stm32.13.3.rel1.win32_1.0.0.202411081344/tools/bin/../lib/gcc/arm-none-eabi/13.3.1/thumb/v7e-m+fp/hard\libgcc.a(_aeabi_uldivmod.o)
                0x08000270                __aeabi_uldivmod
 .text          0x080002a0      0x2f8 C:/ST/STM32CubeIDE_1.19.0/STM32CubeIDE/plugins/com.st.stm32cube.ide.mcu.externaltools.gnu-tools-for-stm32.13.3.rel1.win32_1.0.0.202411081344/tools/bin/../lib/gcc/arm-none-eabi/13.3.1/thumb/v7e-m+fp/hard\libgcc.a(_udivmoddi4.o)
                0x080002a0                __udivmoddi4
 .text          0x08000598        0x4 C:/ST/STM32CubeIDE_1.19.0/STM32CubeIDE/plugins/com.st.stm32cube.ide.mcu.externaltools.gnu-tools-for-stm32.13.3.rel1.win32_1.0.0.202411081344/tools/bin/../lib/gcc/arm-none-eabi/13.3.1/thumb/v7e-m+fp/hard\libgcc.a(_dvmd_tls.o)
                0x08000598                __aeabi_idiv0
                0x08000598                __aeabi_ldiv0
 *(.text*)
 .text._ZN7GpioPinC2EP12GPIO_TypeDeft
                0x0800059c       0x28 ./Core/Src/UsbMicrophone.o
                0x0800059c                GpioPin::GpioPin(GPIO_TypeDef*, unsigned short)
                0x0800059c                GpioPin::GpioPin(GPIO_TypeDef*, unsigned short)
 .text._ZN7GpioPinC2ERKS_
                0x080005c4       0x1c ./Core/Src/UsbMicrophone.o
                0x080005c4                GpioPin::GpioPin(GpioPin const&)
                0x080005c4                GpioPin::GpioPin(GpioPin const&)
 .text._ZNK7GpioPin5resetEv
                0x080005e0       0x20 ./Core/Src/UsbMicrophone.o
                0x080005e0                GpioPin::reset() const
 .text._ZNK7GpioPin8getStateEv
                0x08000600       0x2c ./Core/Src/UsbMicrophone.o
                0x08000600                GpioPin::getState() const
 .text._ZNK7GpioPin8setStateEb
                0x0800062c       0x2e ./Core/Src/UsbMicrophone.o
                0x0800062c                GpioPin::setState(bool) const
 .text._ZN7GpioPin6assignERKS_
                0x0800065a       0x26 ./Core/Src/UsbMicrophone.o
                0x0800065a                GpioPin::assign(GpioPin const&)
 .text._ZN3LedC2ERK7GpioPin
                0x08000680       0x1e ./Core/Src/UsbMicrophone.o
                0x08000680                Led::Led(GpioPin const&)
                0x08000680                Led::Led(GpioPin const&)
 .text._ZNK3Led3offEv
                0x0800069e       0x18 ./Core/Src/UsbMicrophone.o
                0x0800069e                Led::off() const
 *fill*         0x080006b6        0x2 
 .text._ZN7LiveLedC2Ev
                0x080006b8       0x3c ./Core/Src/UsbMicrophone.o
                0x080006b8                LiveLed::LiveLed()
                0x080006b8                LiveLed::LiveLed()
 .text._ZN6ButtonC2ERK7GpioPinb
                0x080006f4       0x3a ./Core/Src/UsbMicrophone.o
                0x080006f4                Button::Button(GpioPin const&, bool)
                0x080006f4                Button::Button(GpioPin const&, bool)
 .text._ZN6Button23getAndClearCurrentStateEv
                0x0800072e       0xb8 ./Core/Src/UsbMicrophone.o
                0x0800072e                Button::getAndClearCurrentState()
 *fill*         0x080007e6        0x2 
 .text._ZN10MuteButtonC2Ev
                0x080007e8       0x40 ./Core/Src/UsbMicrophone.o
                0x080007e8                MuteButton::MuteButton()
                0x080007e8                MuteButton::MuteButton()
 .text._ZN10MuteButton3runEv
                0x08000828       0x68 ./Core/Src/UsbMicrophone.o
                0x08000828                MuteButton::run()
 .text._ZNK10MuteButton7isMutedEv
                0x08000890       0x1a ./Core/Src/UsbMicrophone.o
                0x08000890                MuteButton::isMuted() const
 *fill*         0x080008aa        0x2 
 .text._ZN13VolumeControlC2Ev
                0x080008ac       0xf0 ./Core/Src/UsbMicrophone.o
                0x080008ac                VolumeControl::VolumeControl()
                0x080008ac                VolumeControl::VolumeControl()
 .text._ZN13VolumeControl9setVolumeEs
                0x0800099c       0x38 ./Core/Src/UsbMicrophone.o
                0x0800099c                VolumeControl::setVolume(short)
 .text._ZN16GraphicEqualizerC2Ev
                0x080009d4      0x128 ./Core/Src/UsbMicrophone.o
                0x080009d4                GraphicEqualizer::GraphicEqualizer()
                0x080009d4                GraphicEqualizer::GraphicEqualizer()
 .text._ZN5AudioC2ERK10MuteButtonRK7LiveLedR16GraphicEqualizerR13VolumeControl
                0x08000afc       0x88 ./Core/Src/UsbMicrophone.o
                0x08000afc                Audio::Audio(MuteButton const&, LiveLed const&, GraphicEqualizer&, VolumeControl&)
                0x08000afc                Audio::Audio(MuteButton const&, LiveLed const&, GraphicEqualizer&, VolumeControl&)
 .text._ZNK5Audio6setLedEv
                0x08000b84       0x42 ./Core/Src/UsbMicrophone.o
                0x08000b84                Audio::setLed() const
 .text._ZN7ProgramC2Ev
                0x08000bc6       0x58 ./Core/Src/UsbMicrophone.o
                0x08000bc6                Program::Program()
                0x08000bc6                Program::Program()
 .text._ZN7Program3runEv
                0x08000c1e       0x1e ./Core/Src/UsbMicrophone.o
                0x08000c1e                Program::run()
 .text.myMain   0x08000c3c       0x1e ./Core/Src/UsbMicrophone.o
                0x08000c3c                myMain
 .text.main     0x08000c5a       0x26 ./Core/Src/main.o
                0x08000c5a                main
 .text.SystemClock_Config
                0x08000c80       0xd4 ./Core/Src/main.o
                0x08000c80                SystemClock_Config
 .text.MX_I2S2_Init
                0x08000d54       0x5c ./Core/Src/main.o
 .text.MX_DMA_Init
                0x08000db0       0x40 ./Core/Src/main.o
 .text.MX_GPIO_Init
                0x08000df0      0x1bc ./Core/Src/main.o
 .text.Error_Handler
                0x08000fac       0x54 ./Core/Src/main.o
                0x08000fac                Error_Handler
 .text.HAL_I2S_ErrorCallback
                0x08001000       0x14 ./Core/Src/main.o
                0x08001000                HAL_I2S_ErrorCallback
 .text.HAL_TIM_PeriodElapsedCallback
                0x08001014       0x24 ./Core/Src/main.o
                0x08001014                HAL_TIM_PeriodElapsedCallback
 .text.HAL_MspInit
                0x08001038       0x50 ./Core/Src/stm32f4xx_hal_msp.o
                0x08001038                HAL_MspInit
 .text.HAL_I2S_MspInit
                0x08001088      0x178 ./Core/Src/stm32f4xx_hal_msp.o
                0x08001088                HAL_I2S_MspInit
 .text.HAL_InitTick
                0x08001200       0xf8 ./Core/Src/stm32f4xx_hal_timebase_tim.o
                0x08001200                HAL_InitTick
 .text.NMI_Handler
                0x080012f8        0x8 ./Core/Src/stm32f4xx_it.o
                0x080012f8                NMI_Handler
 .text.HardFault_Handler
                0x08001300        0x8 ./Core/Src/stm32f4xx_it.o
                0x08001300                HardFault_Handler
 .text.MemManage_Handler
                0x08001308        0x8 ./Core/Src/stm32f4xx_it.o
                0x08001308                MemManage_Handler
 .text.BusFault_Handler
                0x08001310        0x8 ./Core/Src/stm32f4xx_it.o
                0x08001310                BusFault_Handler
 .text.UsageFault_Handler
                0x08001318        0x8 ./Core/Src/stm32f4xx_it.o
                0x08001318                UsageFault_Handler
 .text.SVC_Handler
                0x08001320        0xe ./Core/Src/stm32f4xx_it.o
                0x08001320                SVC_Handler
 .text.DebugMon_Handler
                0x0800132e        0xe ./Core/Src/stm32f4xx_it.o
                0x0800132e                DebugMon_Handler
 .text.PendSV_Handler
                0x0800133c        0xe ./Core/Src/stm32f4xx_it.o
                0x0800133c                PendSV_Handler
 .text.SysTick_Handler
                0x0800134a        0xe ./Core/Src/stm32f4xx_it.o
                0x0800134a                SysTick_Handler
 .text.DMA1_Stream3_IRQHandler
                0x08001358       0x14 ./Core/Src/stm32f4xx_it.o
                0x08001358                DMA1_Stream3_IRQHandler
 .text.TIM3_IRQHandler
                0x0800136c       0x14 ./Core/Src/stm32f4xx_it.o
                0x0800136c                TIM3_IRQHandler
 .text.SPI2_IRQHandler
                0x08001380       0x14 ./Core/Src/stm32f4xx_it.o
                0x08001380                SPI2_IRQHandler
 .text.OTG_FS_IRQHandler
                0x08001394       0x14 ./Core/Src/stm32f4xx_it.o
                0x08001394                OTG_FS_IRQHandler
 .text._getpid  0x080013a8       0x10 ./Core/Src/syscalls.o
                0x080013a8                _getpid
 .text._kill    0x080013b8       0x20 ./Core/Src/syscalls.o
                0x080013b8                _kill
 .text._exit    0x080013d8       0x16 ./Core/Src/syscalls.o
                0x080013d8                _exit
 .text._read    0x080013ee       0x3a ./Core/Src/syscalls.o
                0x080013ee                _read
 .text._write   0x08001428       0x38 ./Core/Src/syscalls.o
                0x08001428                _write
 .text._close   0x08001460       0x18 ./Core/Src/syscalls.o
                0x08001460                _close
 .text._fstat   0x08001478       0x20 ./Core/Src/syscalls.o
                0x08001478                _fstat
 .text._isatty  0x08001498       0x16 ./Core/Src/syscalls.o
                0x08001498                _isatty
 .text._lseek   0x080014ae       0x1a ./Core/Src/syscalls.o
                0x080014ae                _lseek
 .text._sbrk    0x080014c8       0x6c ./Core/Src/sysmem.o
                0x080014c8                _sbrk
 .text.SystemInit
                0x08001534       0x24 ./Core/Src/system_stm32f4xx.o
                0x08001534                SystemInit
 .text.Reset_Handler
                0x08001558       0x50 ./Core/Startup/startup_stm32f407vgtx.o
                0x08001558                Reset_Handler
 .text.Default_Handler
                0x080015a8        0x2 ./Core/Startup/startup_stm32f407vgtx.o
                0x080015a8                RTC_Alarm_IRQHandler
                0x080015a8                HASH_RNG_IRQHandler
                0x080015a8                EXTI2_IRQHandler
                0x080015a8                TIM8_CC_IRQHandler
                0x080015a8                TIM1_CC_IRQHandler
                0x080015a8                DMA2_Stream5_IRQHandler
                0x080015a8                DMA1_Stream5_IRQHandler
                0x080015a8                PVD_IRQHandler
                0x080015a8                SDIO_IRQHandler
                0x080015a8                TAMP_STAMP_IRQHandler
                0x080015a8                CAN2_RX1_IRQHandler
                0x080015a8                EXTI3_IRQHandler
                0x080015a8                TIM8_TRG_COM_TIM14_IRQHandler
                0x080015a8                TIM1_UP_TIM10_IRQHandler
                0x080015a8                TIM8_UP_TIM13_IRQHandler
                0x080015a8                I2C3_ER_IRQHandler
                0x080015a8                EXTI0_IRQHandler
                0x080015a8                I2C2_EV_IRQHandler
                0x080015a8                DMA1_Stream2_IRQHandler
                0x080015a8                CAN1_RX0_IRQHandler
                0x080015a8                FPU_IRQHandler
                0x080015a8                OTG_HS_WKUP_IRQHandler
                0x080015a8                CAN2_SCE_IRQHandler
                0x080015a8                DMA2_Stream2_IRQHandler
                0x080015a8                SPI1_IRQHandler
                0x080015a8                TIM6_DAC_IRQHandler
                0x080015a8                TIM1_BRK_TIM9_IRQHandler
                0x080015a8                DCMI_IRQHandler
                0x080015a8                CAN2_RX0_IRQHandler
                0x080015a8                DMA2_Stream3_IRQHandler
                0x080015a8                USART6_IRQHandler
                0x080015a8                USART3_IRQHandler
                0x080015a8                CAN1_RX1_IRQHandler
                0x080015a8                UART5_IRQHandler
                0x080015a8                DMA2_Stream0_IRQHandler
                0x080015a8                TIM4_IRQHandler
                0x080015a8                I2C1_EV_IRQHandler
                0x080015a8                DMA1_Stream6_IRQHandler
                0x080015a8                DMA1_Stream1_IRQHandler
                0x080015a8                UART4_IRQHandler
                0x080015a8                RCC_IRQHandler
                0x080015a8                TIM8_BRK_TIM12_IRQHandler
                0x080015a8                Default_Handler
                0x080015a8                EXTI15_10_IRQHandler
                0x080015a8                ADC_IRQHandler
                0x080015a8                DMA1_Stream7_IRQHandler
                0x080015a8                TIM7_IRQHandler
                0x080015a8                CAN2_TX_IRQHandler
                0x080015a8                TIM5_IRQHandler
                0x080015a8                DMA2_Stream7_IRQHandler
                0x080015a8                I2C3_EV_IRQHandler
                0x080015a8                EXTI9_5_IRQHandler
                0x080015a8                RTC_WKUP_IRQHandler
                0x080015a8                ETH_WKUP_IRQHandler
                0x080015a8                OTG_HS_EP1_IN_IRQHandler
                0x080015a8                DMA1_Stream0_IRQHandler
                0x080015a8                CAN1_TX_IRQHandler
                0x080015a8                EXTI4_IRQHandler
                0x080015a8                FSMC_IRQHandler
                0x080015a8                ETH_IRQHandler
                0x080015a8                OTG_HS_EP1_OUT_IRQHandler
                0x080015a8                WWDG_IRQHandler
                0x080015a8                TIM2_IRQHandler
                0x080015a8                OTG_FS_WKUP_IRQHandler
                0x080015a8                TIM1_TRG_COM_TIM11_IRQHandler
                0x080015a8                OTG_HS_IRQHandler
                0x080015a8                EXTI1_IRQHandler
                0x080015a8                USART2_IRQHandler
                0x080015a8                I2C2_ER_IRQHandler
                0x080015a8                DMA2_Stream1_IRQHandler
                0x080015a8                CAN1_SCE_IRQHandler
                0x080015a8                FLASH_IRQHandler
                0x080015a8                DMA2_Stream4_IRQHandler
                0x080015a8                USART1_IRQHandler
                0x080015a8                SPI3_IRQHandler
                0x080015a8                DMA1_Stream4_IRQHandler
                0x080015a8                I2C1_ER_IRQHandler
                0x080015a8                DMA2_Stream6_IRQHandler
 *fill*         0x080015aa        0x2 
 .text.HAL_Init
                0x080015ac       0x44 ./Drivers/STM32F4xx_HAL_Driver/Src/stm32f4xx_hal.o
                0x080015ac                HAL_Init
 .text.HAL_IncTick
                0x080015f0       0x28 ./Drivers/STM32F4xx_HAL_Driver/Src/stm32f4xx_hal.o
                0x080015f0                HAL_IncTick
 .text.HAL_GetTick
                0x08001618       0x18 ./Drivers/STM32F4xx_HAL_Driver/Src/stm32f4xx_hal.o
                0x08001618                HAL_GetTick
 .text.HAL_Delay
                0x08001630       0x48 ./Drivers/STM32F4xx_HAL_Driver/Src/stm32f4xx_hal.o
                0x08001630                HAL_Delay
 .text.__NVIC_SetPriorityGrouping
                0x08001678       0x48 ./Drivers/STM32F4xx_HAL_Driver/Src/stm32f4xx_hal_cortex.o
 .text.__NVIC_GetPriorityGrouping
                0x080016c0       0x1c ./Drivers/STM32F4xx_HAL_Driver/Src/stm32f4xx_hal_cortex.o
 .text.__NVIC_EnableIRQ
                0x080016dc       0x3c ./Drivers/STM32F4xx_HAL_Driver/Src/stm32f4xx_hal_cortex.o
 .text.__NVIC_SetPriority
                0x08001718       0x54 ./Drivers/STM32F4xx_HAL_Driver/Src/stm32f4xx_hal_cortex.o
 .text.NVIC_EncodePriority
                0x0800176c       0x66 ./Drivers/STM32F4xx_HAL_Driver/Src/stm32f4xx_hal_cortex.o
 .text.HAL_NVIC_SetPriorityGrouping
                0x080017d2       0x16 ./Drivers/STM32F4xx_HAL_Driver/Src/stm32f4xx_hal_cortex.o
                0x080017d2                HAL_NVIC_SetPriorityGrouping
 .text.HAL_NVIC_SetPriority
                0x080017e8       0x38 ./Drivers/STM32F4xx_HAL_Driver/Src/stm32f4xx_hal_cortex.o
                0x080017e8                HAL_NVIC_SetPriority
 .text.HAL_NVIC_EnableIRQ
                0x08001820       0x1c ./Drivers/STM32F4xx_HAL_Driver/Src/stm32f4xx_hal_cortex.o
                0x08001820                HAL_NVIC_EnableIRQ
 .text.HAL_DMA_Init
                0x0800183c      0x15c ./Drivers/STM32F4xx_HAL_Driver/Src/stm32f4xx_hal_dma.o
                0x0800183c                HAL_DMA_Init
 .text.HAL_DMA_Start_IT
                0x08001998       0xb0 ./Drivers/STM32F4xx_HAL_Driver/Src/stm32f4xx_hal_dma.o
                0x08001998                HAL_DMA_Start_IT
 .text.HAL_DMA_Abort
                0x08001a48       0xe0 ./Drivers/STM32F4xx_HAL_Driver/Src/stm32f4xx_hal_dma.o
                0x08001a48                HAL_DMA_Abort
 .text.HAL_DMA_IRQHandler
                0x08001b28      0x314 ./Drivers/STM32F4xx_HAL_Driver/Src/stm32f4xx_hal_dma.o
                0x08001b28                HAL_DMA_IRQHandler
 .text.DMA_SetConfig
                0x08001e3c       0x5c ./Drivers/STM32F4xx_HAL_Driver/Src/stm32f4xx_hal_dma.o
 .text.DMA_CalcBaseAndBitshift
                0x08001e98       0x6c ./Drivers/STM32F4xx_HAL_Driver/Src/stm32f4xx_hal_dma.o
 .text.DMA_CheckFifoParam
                0x08001f04       0xf8 ./Drivers/STM32F4xx_HAL_Driver/Src/stm32f4xx_hal_dma.o
 .text.HAL_GPIO_Init
                0x08001ffc      0x338 ./Drivers/STM32F4xx_HAL_Driver/Src/stm32f4xx_hal_gpio.o
                0x08001ffc                HAL_GPIO_Init
 .text.HAL_GPIO_ReadPin
                0x08002334       0x30 ./Drivers/STM32F4xx_HAL_Driver/Src/stm32f4xx_hal_gpio.o
                0x08002334                HAL_GPIO_ReadPin
 .text.HAL_GPIO_WritePin
                0x08002364       0x32 ./Drivers/STM32F4xx_HAL_Driver/Src/stm32f4xx_hal_gpio.o
                0x08002364                HAL_GPIO_WritePin
 *fill*         0x08002396        0x2 
 .text.HAL_I2S_Init
                0x08002398      0x280 ./Drivers/STM32F4xx_HAL_Driver/Src/stm32f4xx_hal_i2s.o
                0x08002398                HAL_I2S_Init
 .text.HAL_I2S_Receive_DMA
                0x08002618      0x170 ./Drivers/STM32F4xx_HAL_Driver/Src/stm32f4xx_hal_i2s.o
                0x08002618                HAL_I2S_Receive_DMA
 .text.HAL_I2S_DMAPause
                0x08002788       0xc4 ./Drivers/STM32F4xx_HAL_Driver/Src/stm32f4xx_hal_i2s.o
                0x08002788                HAL_I2S_DMAPause
 .text.HAL_I2S_DMAResume
                0x0800284c      0x128 ./Drivers/STM32F4xx_HAL_Driver/Src/stm32f4xx_hal_i2s.o
                0x0800284c                HAL_I2S_DMAResume
 .text.HAL_I2S_DMAStop
                0x08002974      0x3b4 ./Drivers/STM32F4xx_HAL_Driver/Src/stm32f4xx_hal_i2s.o
                0x08002974                HAL_I2S_DMAStop
 .text.HAL_I2S_IRQHandler
                0x08002d28       0x18 ./Drivers/STM32F4xx_HAL_Driver/Src/stm32f4xx_hal_i2s.o
                0x08002d28                HAL_I2S_IRQHandler
 .text.HAL_I2S_TxCpltCallback
                0x08002d40       0x14 ./Drivers/STM32F4xx_HAL_Driver/Src/stm32f4xx_hal_i2s.o
                0x08002d40                HAL_I2S_TxCpltCallback
 .text.I2S_DMARxCplt
                0x08002d54       0x42 ./Drivers/STM32F4xx_HAL_Driver/Src/stm32f4xx_hal_i2s.o
 .text.I2S_DMARxHalfCplt
                0x08002d96       0x1c ./Drivers/STM32F4xx_HAL_Driver/Src/stm32f4xx_hal_i2s.o
 .text.I2S_DMAError
                0x08002db2       0x4c ./Drivers/STM32F4xx_HAL_Driver/Src/stm32f4xx_hal_i2s.o
 .text.I2S_Transmit_IT
                0x08002dfe       0x5c ./Drivers/STM32F4xx_HAL_Driver/Src/stm32f4xx_hal_i2s.o
 .text.I2S_Receive_IT
                0x08002e5a       0x5e ./Drivers/STM32F4xx_HAL_Driver/Src/stm32f4xx_hal_i2s.o
 .text.I2S_IRQHandler
                0x08002eb8      0x114 ./Drivers/STM32F4xx_HAL_Driver/Src/stm32f4xx_hal_i2s.o
 .text.I2S_WaitFlagStateUntilTimeout
                0x08002fcc       0x72 ./Drivers/STM32F4xx_HAL_Driver/Src/stm32f4xx_hal_i2s.o
 *fill*         0x0800303e        0x2 
 .text.HAL_I2SEx_FullDuplex_IRQHandler
                0x08003040      0x2a8 ./Drivers/STM32F4xx_HAL_Driver/Src/stm32f4xx_hal_i2s_ex.o
                0x08003040                HAL_I2SEx_FullDuplex_IRQHandler
 .text.HAL_I2SEx_TxRxCpltCallback
                0x080032e8       0x14 ./Drivers/STM32F4xx_HAL_Driver/Src/stm32f4xx_hal_i2s_ex.o
                0x080032e8                HAL_I2SEx_TxRxCpltCallback
 .text.I2SEx_TxISR_I2S
                0x080032fc       0x62 ./Drivers/STM32F4xx_HAL_Driver/Src/stm32f4xx_hal_i2s_ex.o
 *fill*         0x0800335e        0x2 
 .text.I2SEx_TxISR_I2SExt
                0x08003360       0x98 ./Drivers/STM32F4xx_HAL_Driver/Src/stm32f4xx_hal_i2s_ex.o
 .text.I2SEx_RxISR_I2S
                0x080033f8       0x64 ./Drivers/STM32F4xx_HAL_Driver/Src/stm32f4xx_hal_i2s_ex.o
 .text.I2SEx_RxISR_I2SExt
                0x0800345c       0x98 ./Drivers/STM32F4xx_HAL_Driver/Src/stm32f4xx_hal_i2s_ex.o
 .text.HAL_PCD_Init
                0x080034f4      0x21e ./Drivers/STM32F4xx_HAL_Driver/Src/stm32f4xx_hal_pcd.o
                0x080034f4                HAL_PCD_Init
 .text.HAL_PCD_Start
                0x08003712       0x6a ./Drivers/STM32F4xx_HAL_Driver/Src/stm32f4xx_hal_pcd.o
                0x08003712                HAL_PCD_Start
 .text.HAL_PCD_IRQHandler
                0x0800377c      0x942 ./Drivers/STM32F4xx_HAL_Driver/Src/stm32f4xx_hal_pcd.o
                0x0800377c                HAL_PCD_IRQHandler
 .text.HAL_PCD_SetAddress
                0x080040be       0x48 ./Drivers/STM32F4xx_HAL_Driver/Src/stm32f4xx_hal_pcd.o
                0x080040be                HAL_PCD_SetAddress
 .text.HAL_PCD_EP_Open
                0x08004106       0xd4 ./Drivers/STM32F4xx_HAL_Driver/Src/stm32f4xx_hal_pcd.o
                0x08004106                HAL_PCD_EP_Open
 .text.HAL_PCD_EP_Close
                0x080041da       0x94 ./Drivers/STM32F4xx_HAL_Driver/Src/stm32f4xx_hal_pcd.o
                0x080041da                HAL_PCD_EP_Close
 .text.HAL_PCD_EP_Receive
                0x0800426e       0x76 ./Drivers/STM32F4xx_HAL_Driver/Src/stm32f4xx_hal_pcd.o
                0x0800426e                HAL_PCD_EP_Receive
 .text.HAL_PCD_EP_Transmit
                0x080042e4       0x74 ./Drivers/STM32F4xx_HAL_Driver/Src/stm32f4xx_hal_pcd.o
                0x080042e4                HAL_PCD_EP_Transmit
 .text.HAL_PCD_EP_SetStall
                0x08004358       0xc6 ./Drivers/STM32F4xx_HAL_Driver/Src/stm32f4xx_hal_pcd.o
                0x08004358                HAL_PCD_EP_SetStall
 .text.HAL_PCD_EP_ClrStall
                0x0800441e       0xac ./Drivers/STM32F4xx_HAL_Driver/Src/stm32f4xx_hal_pcd.o
                0x0800441e                HAL_PCD_EP_ClrStall
 .text.HAL_PCD_EP_Abort
                0x080044ca       0x62 ./Drivers/STM32F4xx_HAL_Driver/Src/stm32f4xx_hal_pcd.o
                0x080044ca                HAL_PCD_EP_Abort
 .text.HAL_PCD_EP_Flush
                0x0800452c       0x5a ./Drivers/STM32F4xx_HAL_Driver/Src/stm32f4xx_hal_pcd.o
                0x0800452c                HAL_PCD_EP_Flush
 .text.PCD_WriteEmptyTxFifo
                0x08004586      0x118 ./Drivers/STM32F4xx_HAL_Driver/Src/stm32f4xx_hal_pcd.o
 *fill*         0x0800469e        0x2 
 .text.PCD_EP_OutXfrComplete_int
                0x080046a0      0x1d0 ./Drivers/STM32F4xx_HAL_Driver/Src/stm32f4xx_hal_pcd.o
 .text.PCD_EP_OutSetupPacket_int
                0x08004870       0x8c ./Drivers/STM32F4xx_HAL_Driver/Src/stm32f4xx_hal_pcd.o
 .text.HAL_PCDEx_SetTxFiFo
                0x080048fc       0x8e ./Drivers/STM32F4xx_HAL_Driver/Src/stm32f4xx_hal_pcd_ex.o
                0x080048fc                HAL_PCDEx_SetTxFiFo
 .text.HAL_PCDEx_SetRxFiFo
                0x0800498a       0x22 ./Drivers/STM32F4xx_HAL_Driver/Src/stm32f4xx_hal_pcd_ex.o
                0x0800498a                HAL_PCDEx_SetRxFiFo
 .text.HAL_PCDEx_LPM_Callback
                0x080049ac       0x18 ./Drivers/STM32F4xx_HAL_Driver/Src/stm32f4xx_hal_pcd_ex.o
                0x080049ac                HAL_PCDEx_LPM_Callback
 .text.HAL_RCC_OscConfig
                0x080049c4      0x4f0 ./Drivers/STM32F4xx_HAL_Driver/Src/stm32f4xx_hal_rcc.o
                0x080049c4                HAL_RCC_OscConfig
 .text.HAL_RCC_ClockConfig
                0x08004eb4      0x1cc ./Drivers/STM32F4xx_HAL_Driver/Src/stm32f4xx_hal_rcc.o
                0x08004eb4                HAL_RCC_ClockConfig
 .text.HAL_RCC_GetSysClockFreq
                0x08005080      0x20c ./Drivers/STM32F4xx_HAL_Driver/Src/stm32f4xx_hal_rcc.o
                0x08005080                HAL_RCC_GetSysClockFreq
 .text.HAL_RCC_GetHCLKFreq
                0x0800528c       0x18 ./Drivers/STM32F4xx_HAL_Driver/Src/stm32f4xx_hal_rcc.o
                0x0800528c                HAL_RCC_GetHCLKFreq
 .text.HAL_RCC_GetPCLK1Freq
                0x080052a4       0x28 ./Drivers/STM32F4xx_HAL_Driver/Src/stm32f4xx_hal_rcc.o
                0x080052a4                HAL_RCC_GetPCLK1Freq
 .text.HAL_RCC_GetClockConfig
                0x080052cc       0x64 ./Drivers/STM32F4xx_HAL_Driver/Src/stm32f4xx_hal_rcc.o
                0x080052cc                HAL_RCC_GetClockConfig
 .text.HAL_RCCEx_PeriphCLKConfig
                0x08005330      0x1c4 ./Drivers/STM32F4xx_HAL_Driver/Src/stm32f4xx_hal_rcc_ex.o
                0x08005330                HAL_RCCEx_PeriphCLKConfig
 .text.HAL_RCCEx_GetPeriphCLKFreq
                0x080054f4       0xc0 ./Drivers/STM32F4xx_HAL_Driver/Src/stm32f4xx_hal_rcc_ex.o
                0x080054f4                HAL_RCCEx_GetPeriphCLKFreq
 .text.HAL_TIM_Base_Init
                0x080055b4       0x9e ./Drivers/STM32F4xx_HAL_Driver/Src/stm32f4xx_hal_tim.o
                0x080055b4                HAL_TIM_Base_Init
 .text.HAL_TIM_Base_MspInit
                0x08005652       0x14 ./Drivers/STM32F4xx_HAL_Driver/Src/stm32f4xx_hal_tim.o
                0x08005652                HAL_TIM_Base_MspInit
 *fill*         0x08005666        0x2 
 .text.HAL_TIM_Base_Start_IT
                0x08005668       0xe0 ./Drivers/STM32F4xx_HAL_Driver/Src/stm32f4xx_hal_tim.o
                0x08005668                HAL_TIM_Base_Start_IT
 .text.HAL_TIM_IRQHandler
                0x08005748      0x1e0 ./Drivers/STM32F4xx_HAL_Driver/Src/stm32f4xx_hal_tim.o
                0x08005748                HAL_TIM_IRQHandler
 .text.HAL_TIM_OC_DelayElapsedCallback
                0x08005928       0x14 ./Drivers/STM32F4xx_HAL_Driver/Src/stm32f4xx_hal_tim.o
                0x08005928                HAL_TIM_OC_DelayElapsedCallback
 .text.HAL_TIM_IC_CaptureCallback
                0x0800593c       0x14 ./Drivers/STM32F4xx_HAL_Driver/Src/stm32f4xx_hal_tim.o
                0x0800593c                HAL_TIM_IC_CaptureCallback
 .text.HAL_TIM_PWM_PulseFinishedCallback
                0x08005950       0x14 ./Drivers/STM32F4xx_HAL_Driver/Src/stm32f4xx_hal_tim.o
                0x08005950                HAL_TIM_PWM_PulseFinishedCallback
 .text.HAL_TIM_TriggerCallback
                0x08005964       0x14 ./Drivers/STM32F4xx_HAL_Driver/Src/stm32f4xx_hal_tim.o
                0x08005964                HAL_TIM_TriggerCallback
 .text.TIM_Base_SetConfig
                0x08005978      0x14c ./Drivers/STM32F4xx_HAL_Driver/Src/stm32f4xx_hal_tim.o
                0x08005978                TIM_Base_SetConfig
 .text.HAL_TIMEx_CommutCallback
                0x08005ac4       0x14 ./Drivers/STM32F4xx_HAL_Driver/Src/stm32f4xx_hal_tim_ex.o
                0x08005ac4                HAL_TIMEx_CommutCallback
 .text.HAL_TIMEx_BreakCallback
                0x08005ad8       0x14 ./Drivers/STM32F4xx_HAL_Driver/Src/stm32f4xx_hal_tim_ex.o
                0x08005ad8                HAL_TIMEx_BreakCallback
 .text.USB_CoreInit
                0x08005aec       0xc8 ./Drivers/STM32F4xx_HAL_Driver/Src/stm32f4xx_ll_usb.o
                0x08005aec                USB_CoreInit
 .text.USB_SetTurnaroundTime
                0x08005bb4      0x144 ./Drivers/STM32F4xx_HAL_Driver/Src/stm32f4xx_ll_usb.o
                0x08005bb4                USB_SetTurnaroundTime
 .text.USB_EnableGlobalInt
                0x08005cf8       0x22 ./Drivers/STM32F4xx_HAL_Driver/Src/stm32f4xx_ll_usb.o
                0x08005cf8                USB_EnableGlobalInt
 .text.USB_DisableGlobalInt
                0x08005d1a       0x22 ./Drivers/STM32F4xx_HAL_Driver/Src/stm32f4xx_ll_usb.o
                0x08005d1a                USB_DisableGlobalInt
 .text.USB_SetCurrentMode
                0x08005d3c       0x98 ./Drivers/STM32F4xx_HAL_Driver/Src/stm32f4xx_ll_usb.o
                0x08005d3c                USB_SetCurrentMode
 .text.USB_DevInit
                0x08005dd4      0x2c8 ./Drivers/STM32F4xx_HAL_Driver/Src/stm32f4xx_ll_usb.o
                0x08005dd4                USB_DevInit
 .text.USB_FlushTxFifo
                0x0800609c       0x64 ./Drivers/STM32F4xx_HAL_Driver/Src/stm32f4xx_ll_usb.o
                0x0800609c                USB_FlushTxFifo
 .text.USB_FlushRxFifo
                0x08006100       0x5c ./Drivers/STM32F4xx_HAL_Driver/Src/stm32f4xx_ll_usb.o
                0x08006100                USB_FlushRxFifo
 .text.USB_SetDevSpeed
                0x0800615c       0x32 ./Drivers/STM32F4xx_HAL_Driver/Src/stm32f4xx_ll_usb.o
                0x0800615c                USB_SetDevSpeed
 .text.USB_GetDevSpeed
                0x0800618e       0x4a ./Drivers/STM32F4xx_HAL_Driver/Src/stm32f4xx_ll_usb.o
                0x0800618e                USB_GetDevSpeed
 .text.USB_ActivateEndpoint
                0x080061d8      0x10e ./Drivers/STM32F4xx_HAL_Driver/Src/stm32f4xx_ll_usb.o
                0x080061d8                USB_ActivateEndpoint
 *fill*         0x080062e6        0x2 
 .text.USB_DeactivateEndpoint
                0x080062e8      0x1b8 ./Drivers/STM32F4xx_HAL_Driver/Src/stm32f4xx_ll_usb.o
                0x080062e8                USB_DeactivateEndpoint
 .text.USB_EPStartXfer
                0x080064a0      0x53c ./Drivers/STM32F4xx_HAL_Driver/Src/stm32f4xx_ll_usb.o
                0x080064a0                USB_EPStartXfer
 .text.USB_EPStopXfer
                0x080069dc      0x154 ./Drivers/STM32F4xx_HAL_Driver/Src/stm32f4xx_ll_usb.o
                0x080069dc                USB_EPStopXfer
 .text.USB_WritePacket
                0x08006b30       0x7c ./Drivers/STM32F4xx_HAL_Driver/Src/stm32f4xx_ll_usb.o
                0x08006b30                USB_WritePacket
 .text.USB_ReadPacket
                0x08006bac       0xb0 ./Drivers/STM32F4xx_HAL_Driver/Src/stm32f4xx_ll_usb.o
                0x08006bac                USB_ReadPacket
 .text.USB_EPSetStall
                0x08006c5c       0xdc ./Drivers/STM32F4xx_HAL_Driver/Src/stm32f4xx_ll_usb.o
                0x08006c5c                USB_EPSetStall
 .text.USB_EPClearStall
                0x08006d38       0xcc ./Drivers/STM32F4xx_HAL_Driver/Src/stm32f4xx_ll_usb.o
                0x08006d38                USB_EPClearStall
 .text.USB_SetDevAddress
                0x08006e04       0x4c ./Drivers/STM32F4xx_HAL_Driver/Src/stm32f4xx_ll_usb.o
                0x08006e04                USB_SetDevAddress
 .text.USB_DevConnect
                0x08006e50       0x42 ./Drivers/STM32F4xx_HAL_Driver/Src/stm32f4xx_ll_usb.o
                0x08006e50                USB_DevConnect
 .text.USB_DevDisconnect
                0x08006e92       0x42 ./Drivers/STM32F4xx_HAL_Driver/Src/stm32f4xx_ll_usb.o
                0x08006e92                USB_DevDisconnect
 .text.USB_ReadInterrupts
                0x08006ed4       0x26 ./Drivers/STM32F4xx_HAL_Driver/Src/stm32f4xx_ll_usb.o
                0x08006ed4                USB_ReadInterrupts
 .text.USB_ReadDevAllOutEpInterrupt
                0x08006efa       0x34 ./Drivers/STM32F4xx_HAL_Driver/Src/stm32f4xx_ll_usb.o
                0x08006efa                USB_ReadDevAllOutEpInterrupt
 .text.USB_ReadDevAllInEpInterrupt
                0x08006f2e       0x34 ./Drivers/STM32F4xx_HAL_Driver/Src/stm32f4xx_ll_usb.o
                0x08006f2e                USB_ReadDevAllInEpInterrupt
 .text.USB_ReadDevOutEPInterrupt
                0x08006f62       0x3c ./Drivers/STM32F4xx_HAL_Driver/Src/stm32f4xx_ll_usb.o
                0x08006f62                USB_ReadDevOutEPInterrupt
 .text.USB_ReadDevInEPInterrupt
                0x08006f9e       0x5c ./Drivers/STM32F4xx_HAL_Driver/Src/stm32f4xx_ll_usb.o
                0x08006f9e                USB_ReadDevInEPInterrupt
 .text.USB_GetMode
                0x08006ffa       0x1c ./Drivers/STM32F4xx_HAL_Driver/Src/stm32f4xx_ll_usb.o
                0x08006ffa                USB_GetMode
 .text.USB_ActivateSetup
                0x08007016       0x46 ./Drivers/STM32F4xx_HAL_Driver/Src/stm32f4xx_ll_usb.o
                0x08007016                USB_ActivateSetup
 .text.USB_EP0_OutStart
                0x0800705c       0xbc ./Drivers/STM32F4xx_HAL_Driver/Src/stm32f4xx_ll_usb.o
                0x0800705c                USB_EP0_OutStart
 .text.USB_CoreReset
                0x08007118       0x70 ./Drivers/STM32F4xx_HAL_Driver/Src/stm32f4xx_ll_usb.o
 .text.USBD_AUDIO_Init
                0x08007188       0xac ./Middlewares/ST/STM32_USB_Device_Library/Class/AUDIO/Src/usbd_audio_in.o
 .text.USBD_AUDIO_DeInit
                0x08007234       0x40 ./Middlewares/ST/STM32_USB_Device_Library/Class/AUDIO/Src/usbd_audio_in.o
 .text.USBD_AUDIO_Setup
                0x08007274      0x11c ./Middlewares/ST/STM32_USB_Device_Library/Class/AUDIO/Src/usbd_audio_in.o
 .text.USBD_AUDIO_GetCfgDesc
                0x08007390       0x20 ./Middlewares/ST/STM32_USB_Device_Library/Class/AUDIO/Src/usbd_audio_in.o
 .text.USBD_AUDIO_DataIn
                0x080073b0      0x15c ./Middlewares/ST/STM32_USB_Device_Library/Class/AUDIO/Src/usbd_audio_in.o
 .text.USBD_AUDIO_EP0_RxReady
                0x0800750c       0x70 ./Middlewares/ST/STM32_USB_Device_Library/Class/AUDIO/Src/usbd_audio_in.o
 .text.USBD_AUDIO_EP0_TxReady
                0x0800757c       0x16 ./Middlewares/ST/STM32_USB_Device_Library/Class/AUDIO/Src/usbd_audio_in.o
 .text.USBD_AUDIO_SOF
                0x08007592       0x16 ./Middlewares/ST/STM32_USB_Device_Library/Class/AUDIO/Src/usbd_audio_in.o
 .text.USBD_AUDIO_IsoINIncomplete
                0x080075a8       0x1a ./Middlewares/ST/STM32_USB_Device_Library/Class/AUDIO/Src/usbd_audio_in.o
 .text.USBD_AUDIO_IsoOutIncomplete
                0x080075c2       0x1a ./Middlewares/ST/STM32_USB_Device_Library/Class/AUDIO/Src/usbd_audio_in.o
 .text.USBD_AUDIO_DataOut
                0x080075dc       0x1a ./Middlewares/ST/STM32_USB_Device_Library/Class/AUDIO/Src/usbd_audio_in.o
 *fill*         0x080075f6        0x2 
 .text.USBD_AUDIO_GetDeviceQualifierDesc
                0x080075f8       0x20 ./Middlewares/ST/STM32_USB_Device_Library/Class/AUDIO/Src/usbd_audio_in.o
 .text.AUDIO_REQ_GetMaximum
                0x08007618       0x8a ./Middlewares/ST/STM32_USB_Device_Library/Class/AUDIO/Src/usbd_audio_in.o
 .text.AUDIO_REQ_GetMinimum
                0x080076a2       0x8a ./Middlewares/ST/STM32_USB_Device_Library/Class/AUDIO/Src/usbd_audio_in.o
 .text.AUDIO_REQ_GetResolution
                0x0800772c       0x8a ./Middlewares/ST/STM32_USB_Device_Library/Class/AUDIO/Src/usbd_audio_in.o
 *fill*         0x080077b6        0x2 
 .text.AUDIO_REQ_GetCurrent
                0x080077b8       0xd8 ./Middlewares/ST/STM32_USB_Device_Library/Class/AUDIO/Src/usbd_audio_in.o
 .text.AUDIO_REQ_SetCurrent
                0x08007890       0xa4 ./Middlewares/ST/STM32_USB_Device_Library/Class/AUDIO/Src/usbd_audio_in.o
 .text.USBD_AUDIO_Data_Transfer
                0x08007934      0x19c ./Middlewares/ST/STM32_USB_Device_Library/Class/AUDIO/Src/usbd_audio_in.o
                0x08007934                USBD_AUDIO_Data_Transfer
 .text.USBD_AUDIO_RegisterInterface
                0x08007ad0       0x26 ./Middlewares/ST/STM32_USB_Device_Library/Class/AUDIO/Src/usbd_audio_in.o
                0x08007ad0                USBD_AUDIO_RegisterInterface
 *fill*         0x08007af6        0x2 
 .text.USBD_AUDIO_Init_Microphone_Descriptor
                0x08007af8      0x648 ./Middlewares/ST/STM32_USB_Device_Library/Class/AUDIO/Src/usbd_audio_in.o
                0x08007af8                USBD_AUDIO_Init_Microphone_Descriptor
 .text.USBD_Init
                0x08008140       0x6c ./Middlewares/ST/STM32_USB_Device_Library/Core/Src/usbd_core.o
                0x08008140                USBD_Init
 .text.USBD_RegisterClass
                0x080081ac       0x42 ./Middlewares/ST/STM32_USB_Device_Library/Core/Src/usbd_core.o
                0x080081ac                USBD_RegisterClass
 .text.USBD_Start
                0x080081ee       0x18 ./Middlewares/ST/STM32_USB_Device_Library/Core/Src/usbd_core.o
                0x080081ee                USBD_Start
 .text.USBD_RunTestMode
                0x08008206       0x16 ./Middlewares/ST/STM32_USB_Device_Library/Core/Src/usbd_core.o
                0x08008206                USBD_RunTestMode
 .text.USBD_SetClassConfig
                0x0800821c       0x38 ./Middlewares/ST/STM32_USB_Device_Library/Core/Src/usbd_core.o
                0x0800821c                USBD_SetClassConfig
 .text.USBD_ClrClassConfig
                0x08008254       0x30 ./Middlewares/ST/STM32_USB_Device_Library/Core/Src/usbd_core.o
                0x08008254                USBD_ClrClassConfig
 .text.USBD_LL_SetupStage
                0x08008284       0xaa ./Middlewares/ST/STM32_USB_Device_Library/Core/Src/usbd_core.o
                0x08008284                USBD_LL_SetupStage
 .text.USBD_LL_DataOutStage
                0x0800832e       0xc6 ./Middlewares/ST/STM32_USB_Device_Library/Core/Src/usbd_core.o
                0x0800832e                USBD_LL_DataOutStage
 .text.USBD_LL_DataInStage
                0x080083f4      0x12c ./Middlewares/ST/STM32_USB_Device_Library/Core/Src/usbd_core.o
                0x080083f4                USBD_LL_DataInStage
 .text.USBD_LL_Reset
                0x08008520       0x82 ./Middlewares/ST/STM32_USB_Device_Library/Core/Src/usbd_core.o
                0x08008520                USBD_LL_Reset
 .text.USBD_LL_SetSpeed
                0x080085a2       0x20 ./Middlewares/ST/STM32_USB_Device_Library/Core/Src/usbd_core.o
                0x080085a2                USBD_LL_SetSpeed
 .text.USBD_LL_Suspend
                0x080085c2       0x2a ./Middlewares/ST/STM32_USB_Device_Library/Core/Src/usbd_core.o
                0x080085c2                USBD_LL_Suspend
 .text.USBD_LL_Resume
                0x080085ec       0x2c ./Middlewares/ST/STM32_USB_Device_Library/Core/Src/usbd_core.o
                0x080085ec                USBD_LL_Resume
 .text.USBD_LL_SOF
                0x08008618       0x34 ./Middlewares/ST/STM32_USB_Device_Library/Core/Src/usbd_core.o
                0x08008618                USBD_LL_SOF
 .text.USBD_LL_IsoINIncomplete
                0x0800864c       0x1a ./Middlewares/ST/STM32_USB_Device_Library/Core/Src/usbd_core.o
                0x0800864c                USBD_LL_IsoINIncomplete
 .text.USBD_LL_IsoOUTIncomplete
                0x08008666       0x1a ./Middlewares/ST/STM32_USB_Device_Library/Core/Src/usbd_core.o
                0x08008666                USBD_LL_IsoOUTIncomplete
 .text.USBD_LL_DevConnected
                0x08008680       0x16 ./Middlewares/ST/STM32_USB_Device_Library/Core/Src/usbd_core.o
                0x08008680                USBD_LL_DevConnected
 .text.USBD_LL_DevDisconnected
                0x08008696       0x38 ./Middlewares/ST/STM32_USB_Device_Library/Core/Src/usbd_core.o
                0x08008696                USBD_LL_DevDisconnected
 .text.SWAPBYTE
                0x080086ce       0x3e ./Middlewares/ST/STM32_USB_Device_Library/Core/Src/usbd_ctlreq.o
 .text.USBD_StdDevReq
                0x0800870c       0xdc ./Middlewares/ST/STM32_USB_Device_Library/Core/Src/usbd_ctlreq.o
                0x0800870c                USBD_StdDevReq
 .text.USBD_StdItfReq
                0x080087e8       0x90 ./Middlewares/ST/STM32_USB_Device_Library/Core/Src/usbd_ctlreq.o
                0x080087e8                USBD_StdItfReq
 .text.USBD_StdEPReq
                0x08008878      0x2ba ./Middlewares/ST/STM32_USB_Device_Library/Core/Src/usbd_ctlreq.o
                0x08008878                USBD_StdEPReq
 *fill*         0x08008b32        0x2 
 .text.USBD_GetDescriptor
                0x08008b34      0x2d4 ./Middlewares/ST/STM32_USB_Device_Library/Core/Src/usbd_ctlreq.o
 .text.USBD_SetAddress
                0x08008e08       0x86 ./Middlewares/ST/STM32_USB_Device_Library/Core/Src/usbd_ctlreq.o
 *fill*         0x08008e8e        0x2 
 .text.USBD_SetConfig
                0x08008e90      0x148 ./Middlewares/ST/STM32_USB_Device_Library/Core/Src/usbd_ctlreq.o
 .text.USBD_GetConfig
                0x08008fd8       0x6a ./Middlewares/ST/STM32_USB_Device_Library/Core/Src/usbd_ctlreq.o
 .text.USBD_GetStatus
                0x08009042       0x66 ./Middlewares/ST/STM32_USB_Device_Library/Core/Src/usbd_ctlreq.o
 .text.USBD_SetFeature
                0x080090a8       0x28 ./Middlewares/ST/STM32_USB_Device_Library/Core/Src/usbd_ctlreq.o
 .text.USBD_ClrFeature
                0x080090d0       0x42 ./Middlewares/ST/STM32_USB_Device_Library/Core/Src/usbd_ctlreq.o
 .text.USBD_ParseSetupRequest
                0x08009112       0x74 ./Middlewares/ST/STM32_USB_Device_Library/Core/Src/usbd_ctlreq.o
                0x08009112                USBD_ParseSetupRequest
 .text.USBD_CtlError
                0x08009186       0x22 ./Middlewares/ST/STM32_USB_Device_Library/Core/Src/usbd_ctlreq.o
                0x08009186                USBD_CtlError
 .text.USBD_GetString
                0x080091a8       0x8c ./Middlewares/ST/STM32_USB_Device_Library/Core/Src/usbd_ctlreq.o
                0x080091a8                USBD_GetString
 .text.USBD_GetLen
                0x08009234       0x34 ./Middlewares/ST/STM32_USB_Device_Library/Core/Src/usbd_ctlreq.o
 .text.USBD_CtlSendData
                0x08009268       0x36 ./Middlewares/ST/STM32_USB_Device_Library/Core/Src/usbd_ioreq.o
                0x08009268                USBD_CtlSendData
 .text.USBD_CtlContinueSendData
                0x0800929e       0x22 ./Middlewares/ST/STM32_USB_Device_Library/Core/Src/usbd_ioreq.o
                0x0800929e                USBD_CtlContinueSendData
 .text.USBD_CtlPrepareRx
                0x080092c0       0x3a ./Middlewares/ST/STM32_USB_Device_Library/Core/Src/usbd_ioreq.o
                0x080092c0                USBD_CtlPrepareRx
 .text.USBD_CtlContinueRx
                0x080092fa       0x22 ./Middlewares/ST/STM32_USB_Device_Library/Core/Src/usbd_ioreq.o
                0x080092fa                USBD_CtlContinueRx
 .text.USBD_CtlSendStatus
                0x0800931c       0x26 ./Middlewares/ST/STM32_USB_Device_Library/Core/Src/usbd_ioreq.o
                0x0800931c                USBD_CtlSendStatus
 .text.USBD_CtlReceiveStatus
                0x08009342       0x26 ./Middlewares/ST/STM32_USB_Device_Library/Core/Src/usbd_ioreq.o
                0x08009342                USBD_CtlReceiveStatus
 .text.MX_USB_DEVICE_Init
                0x08009368       0x60 ./USB_DEVICE/App/usb_device.o
                0x08009368                MX_USB_DEVICE_Init
 .text._ZN13VolumeControl7setMuteEb
                0x080093c8       0x42 ./USB_DEVICE/App/usbd_audio_if.o
                0x080093c8                VolumeControl::setMute(bool)
 .text._ZNK13VolumeControl7isMutedEv
                0x0800940a       0x24 ./USB_DEVICE/App/usbd_audio_if.o
                0x0800940a                VolumeControl::isMuted() const
 .text._ZN13VolumeControl7processEPsl
                0x0800942e       0x50 ./USB_DEVICE/App/usbd_audio_if.o
                0x0800942e                VolumeControl::process(short*, long)
 .text._ZN16GraphicEqualizer7processEPsl
                0x0800947e       0x50 ./USB_DEVICE/App/usbd_audio_if.o
                0x0800947e                GraphicEqualizer::process(short*, long)
 *fill*         0x080094ce        0x2 
 .text._ZN5Audio5startEv
                0x080094d0       0x44 ./USB_DEVICE/App/usbd_audio_if.o
                0x080094d0                Audio::start()
 .text._ZN5Audio4stopEv
                0x08009514       0x38 ./USB_DEVICE/App/usbd_audio_if.o
                0x08009514                Audio::stop()
 .text._ZN5Audio5pauseEv
                0x0800954c       0x38 ./USB_DEVICE/App/usbd_audio_if.o
                0x0800954c                Audio::pause()
 .text._ZN5Audio6resumeEv
                0x08009584       0x38 ./USB_DEVICE/App/usbd_audio_if.o
                0x08009584                Audio::resume()
 .text._ZN5Audio9setVolumeEs
                0x080095bc       0x50 ./USB_DEVICE/App/usbd_audio_if.o
                0x080095bc                Audio::setVolume(short)
 .text._ZN5Audio8sendDataEPVlPs
                0x0800960c      0x164 ./USB_DEVICE/App/usbd_audio_if.o
                0x0800960c                Audio::sendData(long volatile*, short*)
 .text._ZN5Audio16i2s_halfCompleteEv
                0x08009770       0x20 ./USB_DEVICE/App/usbd_audio_if.o
                0x08009770                Audio::i2s_halfComplete()
 .text._ZN5Audio12i2s_completeEv
                0x08009790       0x28 ./USB_DEVICE/App/usbd_audio_if.o
                0x08009790                Audio::i2s_complete()
 .text._ZL10Audio_Initmmm
                0x080097b8       0x28 ./USB_DEVICE/App/usbd_audio_if.o
 .text._ZL12Audio_DeInitm
                0x080097e0       0x16 ./USB_DEVICE/App/usbd_audio_if.o
 *fill*         0x080097f6        0x2 
 .text._ZL12Audio_Recordv
                0x080097f8       0x18 ./USB_DEVICE/App/usbd_audio_if.o
 .text._ZL15Audio_VolumeCtls
                0x08009810       0x28 ./USB_DEVICE/App/usbd_audio_if.o
 .text._ZL13Audio_MuteCtlh
                0x08009838       0x18 ./USB_DEVICE/App/usbd_audio_if.o
 .text._ZL10Audio_Stopv
                0x08009850       0x18 ./USB_DEVICE/App/usbd_audio_if.o
 .text._ZL11Audio_Pausev
                0x08009868       0x18 ./USB_DEVICE/App/usbd_audio_if.o
 .text._ZL12Audio_Resumev
                0x08009880       0x18 ./USB_DEVICE/App/usbd_audio_if.o
 .text._ZL16Audio_CommandMgrh
                0x08009898       0x18 ./USB_DEVICE/App/usbd_audio_if.o
 .text.HAL_I2S_RxHalfCpltCallback
                0x080098b0       0x20 ./USB_DEVICE/App/usbd_audio_if.o
                0x080098b0                HAL_I2S_RxHalfCpltCallback
 .text.HAL_I2S_RxCpltCallback
                0x080098d0       0x20 ./USB_DEVICE/App/usbd_audio_if.o
                0x080098d0                HAL_I2S_RxCpltCallback
 .text.USBD_FS_DeviceDescriptor
                0x080098f0       0x24 ./USB_DEVICE/App/usbd_desc.o
                0x080098f0                USBD_FS_DeviceDescriptor
 .text.USBD_FS_LangIDStrDescriptor
                0x08009914       0x24 ./USB_DEVICE/App/usbd_desc.o
                0x08009914                USBD_FS_LangIDStrDescriptor
 .text.USBD_FS_ProductStrDescriptor
                0x08009938       0x3c ./USB_DEVICE/App/usbd_desc.o
                0x08009938                USBD_FS_ProductStrDescriptor
 .text.USBD_FS_ManufacturerStrDescriptor
                0x08009974       0x28 ./USB_DEVICE/App/usbd_desc.o
                0x08009974                USBD_FS_ManufacturerStrDescriptor
 .text.USBD_FS_SerialStrDescriptor
                0x0800999c       0x24 ./USB_DEVICE/App/usbd_desc.o
                0x0800999c                USBD_FS_SerialStrDescriptor
 .text.USBD_FS_ConfigStrDescriptor
                0x080099c0       0x3c ./USB_DEVICE/App/usbd_desc.o
                0x080099c0                USBD_FS_ConfigStrDescriptor
 .text.USBD_FS_InterfaceStrDescriptor
                0x080099fc       0x3c ./USB_DEVICE/App/usbd_desc.o
                0x080099fc                USBD_FS_InterfaceStrDescriptor
 .text.Get_SerialNum
                0x08009a38       0x58 ./USB_DEVICE/App/usbd_desc.o
 .text.IntToUnicode
                0x08009a90       0x7e ./USB_DEVICE/App/usbd_desc.o
 *fill*         0x08009b0e        0x2 
 .text.HAL_PCD_MspInit
                0x08009b10       0xa8 ./USB_DEVICE/Target/usbd_conf.o
                0x08009b10                HAL_PCD_MspInit
 .text.HAL_PCD_SetupStageCallback
                0x08009bb8       0x24 ./USB_DEVICE/Target/usbd_conf.o
                0x08009bb8                HAL_PCD_SetupStageCallback
 .text.HAL_PCD_DataOutStageCallback
                0x08009bdc       0x36 ./USB_DEVICE/Target/usbd_conf.o
                0x08009bdc                HAL_PCD_DataOutStageCallback
 .text.HAL_PCD_DataInStageCallback
                0x08009c12       0x34 ./USB_DEVICE/Target/usbd_conf.o
                0x08009c12                HAL_PCD_DataInStageCallback
 .text.HAL_PCD_SOFCallback
                0x08009c46       0x1c ./USB_DEVICE/Target/usbd_conf.o
                0x08009c46                HAL_PCD_SOFCallback
 .text.HAL_PCD_ResetCallback
                0x08009c62       0x50 ./USB_DEVICE/Target/usbd_conf.o
                0x08009c62                HAL_PCD_ResetCallback
 *fill*         0x08009cb2        0x2 
 .text.HAL_PCD_SuspendCallback
                0x08009cb4       0x4c ./USB_DEVICE/Target/usbd_conf.o
                0x08009cb4                HAL_PCD_SuspendCallback
 .text.HAL_PCD_ResumeCallback
                0x08009d00       0x1c ./USB_DEVICE/Target/usbd_conf.o
                0x08009d00                HAL_PCD_ResumeCallback
 .text.HAL_PCD_ISOOUTIncompleteCallback
                0x08009d1c       0x24 ./USB_DEVICE/Target/usbd_conf.o
                0x08009d1c                HAL_PCD_ISOOUTIncompleteCallback
 .text.HAL_PCD_ISOINIncompleteCallback
                0x08009d40       0x24 ./USB_DEVICE/Target/usbd_conf.o
                0x08009d40                HAL_PCD_ISOINIncompleteCallback
 .text.HAL_PCD_ConnectCallback
                0x08009d64       0x1c ./USB_DEVICE/Target/usbd_conf.o
                0x08009d64                HAL_PCD_ConnectCallback
 .text.HAL_PCD_DisconnectCallback
                0x08009d80       0x1c ./USB_DEVICE/Target/usbd_conf.o
                0x08009d80                HAL_PCD_DisconnectCallback
 .text.USBD_LL_Init
                0x08009d9c       0x98 ./USB_DEVICE/Target/usbd_conf.o
                0x08009d9c                USBD_LL_Init
 .text.USBD_LL_Start
                0x08009e34       0x36 ./USB_DEVICE/Target/usbd_conf.o
                0x08009e34                USBD_LL_Start
 .text.USBD_LL_OpenEP
                0x08009e6a       0x4c ./USB_DEVICE/Target/usbd_conf.o
                0x08009e6a                USBD_LL_OpenEP
 .text.USBD_LL_CloseEP
                0x08009eb6       0x3e ./USB_DEVICE/Target/usbd_conf.o
                0x08009eb6                USBD_LL_CloseEP
 .text.USBD_LL_FlushEP
                0x08009ef4       0x3e ./USB_DEVICE/Target/usbd_conf.o
                0x08009ef4                USBD_LL_FlushEP
 .text.USBD_LL_StallEP
                0x08009f32       0x3e ./USB_DEVICE/Target/usbd_conf.o
                0x08009f32                USBD_LL_StallEP
 .text.USBD_LL_ClearStallEP
                0x08009f70       0x3e ./USB_DEVICE/Target/usbd_conf.o
                0x08009f70                USBD_LL_ClearStallEP
 .text.USBD_LL_IsStallEP
                0x08009fae       0x58 ./USB_DEVICE/Target/usbd_conf.o
                0x08009fae                USBD_LL_IsStallEP
 .text.USBD_LL_SetUSBAddress
                0x0800a006       0x3e ./USB_DEVICE/Target/usbd_conf.o
                0x0800a006                USBD_LL_SetUSBAddress
 .text.USBD_LL_Transmit
                0x0800a044       0x42 ./USB_DEVICE/Target/usbd_conf.o
                0x0800a044                USBD_LL_Transmit
 .text.USBD_LL_PrepareReceive
                0x0800a086       0x42 ./USB_DEVICE/Target/usbd_conf.o
                0x0800a086                USBD_LL_PrepareReceive
 .text.USBD_static_malloc
                0x0800a0c8       0x1c ./USB_DEVICE/Target/usbd_conf.o
                0x0800a0c8                USBD_static_malloc
 .text.USBD_static_free
                0x0800a0e4       0x14 ./USB_DEVICE/Target/usbd_conf.o
                0x0800a0e4                USBD_static_free
 .text.USBD_Get_USB_Status
                0x0800a0f8       0x58 ./USB_DEVICE/Target/usbd_conf.o
                0x0800a0f8                USBD_Get_USB_Status
 .text.svc_abs_subs_block
                0x0800a150      0x250 C:\Users\Bacnk\Documents\CODE_MCU_git\testinmp441\Middlewares\ST\STM32_Audio\Addons\SVC\Lib\libSVC.a(svc.o)
 .text.svc_gain_application_block
                0x0800a3a0      0x580 C:\Users\Bacnk\Documents\CODE_MCU_git\testinmp441\Middlewares\ST\STM32_Audio\Addons\SVC\Lib\libSVC.a(svc.o)
 .text.svc_update_static_block
                0x0800a920      0x184 C:\Users\Bacnk\Documents\CODE_MCU_git\testinmp441\Middlewares\ST\STM32_Audio\Addons\SVC\Lib\libSVC.a(svc.o)
 .text.svc_gain_computer_block.isra.1
                0x0800aaa4      0x188 C:\Users\Bacnk\Documents\CODE_MCU_git\testinmp441\Middlewares\ST\STM32_Audio\Addons\SVC\Lib\libSVC.a(svc.o)
 .text.svc_reset
                0x0800ac2c       0x80 C:\Users\Bacnk\Documents\CODE_MCU_git\testinmp441\Middlewares\ST\STM32_Audio\Addons\SVC\Lib\libSVC.a(svc.o)
                0x0800ac2c                svc_reset
 .text.svc_setConfig
                0x0800acac      0x120 C:\Users\Bacnk\Documents\CODE_MCU_git\testinmp441\Middlewares\ST\STM32_Audio\Addons\SVC\Lib\libSVC.a(svc.o)
                0x0800acac                svc_setConfig
 .text.svc_setParam
                0x0800adcc       0x2c C:\Users\Bacnk\Documents\CODE_MCU_git\testinmp441\Middlewares\ST\STM32_Audio\Addons\SVC\Lib\libSVC.a(svc.o)
                0x0800adcc                svc_setParam
 .text.svc_process
                0x0800adf8      0xd3c C:\Users\Bacnk\Documents\CODE_MCU_git\testinmp441\Middlewares\ST\STM32_Audio\Addons\SVC\Lib\libSVC.a(svc.o)
                0x0800adf8                svc_process
 .text.greq_reset
                0x0800bb34      0x1a4 C:\Users\Bacnk\Documents\CODE_MCU_git\testinmp441\Middlewares\ST\STM32_Audio\Addons\GREQ\Lib\libGREQ.a(greq.o)
                0x0800bb34                greq_reset
 .text.greq_setConfig
                0x0800bcd8      0xe8c C:\Users\Bacnk\Documents\CODE_MCU_git\testinmp441\Middlewares\ST\STM32_Audio\Addons\GREQ\Lib\libGREQ.a(greq.o)
                0x0800bcd8                greq_setConfig
 .text.greq_setParam
                0x0800cb64      0x1dc C:\Users\Bacnk\Documents\CODE_MCU_git\testinmp441\Middlewares\ST\STM32_Audio\Addons\GREQ\Lib\libGREQ.a(greq.o)
                0x0800cb64                greq_setParam
 .text.greq_process
                0x0800cd40      0x554 C:\Users\Bacnk\Documents\CODE_MCU_git\testinmp441\Middlewares\ST\STM32_Audio\Addons\GREQ\Lib\libGREQ.a(greq.o)
                0x0800cd40                greq_process
 .text._Znaj    0x0800d294        0x4 C:/ST/STM32CubeIDE_1.19.0/STM32CubeIDE/plugins/com.st.stm32cube.ide.mcu.externaltools.gnu-tools-for-stm32.13.3.rel1.win32_1.0.0.202411081344/tools/bin/../lib/gcc/arm-none-eabi/13.3.1/../../../../arm-none-eabi/lib/thumb/v7e-m+fp/hard\libstdc++_nano.a(new_opv.o)
                0x0800d294                operator new[](unsigned int)
 .text._Znwj    0x0800d298       0x22 C:/ST/STM32CubeIDE_1.19.0/STM32CubeIDE/plugins/com.st.stm32cube.ide.mcu.externaltools.gnu-tools-for-stm32.13.3.rel1.win32_1.0.0.202411081344/tools/bin/../lib/gcc/arm-none-eabi/13.3.1/../../../../arm-none-eabi/lib/thumb/v7e-m+fp/hard\libstdc++_nano.a(new_op.o)
                0x0800d298                operator new(unsigned int)
 *fill*         0x0800d2ba        0x2 
 .text._ZSt15get_new_handlerv
                0x0800d2bc       0x10 C:/ST/STM32CubeIDE_1.19.0/STM32CubeIDE/plugins/com.st.stm32cube.ide.mcu.externaltools.gnu-tools-for-stm32.13.3.rel1.win32_1.0.0.202411081344/tools/bin/../lib/gcc/arm-none-eabi/13.3.1/../../../../arm-none-eabi/lib/thumb/v7e-m+fp/hard\libstdc++_nano.a(new_handler.o)
                0x0800d2bc                std::get_new_handler()
 .text.abort    0x0800d2cc        0xe C:/ST/STM32CubeIDE_1.19.0/STM32CubeIDE/plugins/com.st.stm32cube.ide.mcu.externaltools.gnu-tools-for-stm32.13.3.rel1.win32_1.0.0.202411081344/tools/bin/../lib/gcc/arm-none-eabi/13.3.1/../../../../arm-none-eabi/lib/thumb/v7e-m+fp/hard\libc_nano.a(libc_a-abort.o)
                0x0800d2cc                abort
 .text.__itoa   0x0800d2da       0x30 C:/ST/STM32CubeIDE_1.19.0/STM32CubeIDE/plugins/com.st.stm32cube.ide.mcu.externaltools.gnu-tools-for-stm32.13.3.rel1.win32_1.0.0.202411081344/tools/bin/../lib/gcc/arm-none-eabi/13.3.1/../../../../arm-none-eabi/lib/thumb/v7e-m+fp/hard\libc_nano.a(libc_a-itoa.o)
                0x0800d2da                __itoa
 .text.itoa     0x0800d30a        0x4 C:/ST/STM32CubeIDE_1.19.0/STM32CubeIDE/plugins/com.st.stm32cube.ide.mcu.externaltools.gnu-tools-for-stm32.13.3.rel1.win32_1.0.0.202411081344/tools/bin/../lib/gcc/arm-none-eabi/13.3.1/../../../../arm-none-eabi/lib/thumb/v7e-m+fp/hard\libc_nano.a(libc_a-itoa.o)
                0x0800d30a                itoa
 *fill*         0x0800d30e        0x2 
 .text.malloc   0x0800d310       0x10 C:/ST/STM32CubeIDE_1.19.0/STM32CubeIDE/plugins/com.st.stm32cube.ide.mcu.externaltools.gnu-tools-for-stm32.13.3.rel1.win32_1.0.0.202411081344/tools/bin/../lib/gcc/arm-none-eabi/13.3.1/../../../../arm-none-eabi/lib/thumb/v7e-m+fp/hard\libc_nano.a(libc_a-malloc.o)
                0x0800d310                malloc
 .text.sbrk_aligned
                0x0800d320       0x44 C:/ST/STM32CubeIDE_1.19.0/STM32CubeIDE/plugins/com.st.stm32cube.ide.mcu.externaltools.gnu-tools-for-stm32.13.3.rel1.win32_1.0.0.202411081344/tools/bin/../lib/gcc/arm-none-eabi/13.3.1/../../../../arm-none-eabi/lib/thumb/v7e-m+fp/hard\libc_nano.a(libc_a-mallocr.o)
 .text._malloc_r
                0x0800d364      0x100 C:/ST/STM32CubeIDE_1.19.0/STM32CubeIDE/plugins/com.st.stm32cube.ide.mcu.externaltools.gnu-tools-for-stm32.13.3.rel1.win32_1.0.0.202411081344/tools/bin/../lib/gcc/arm-none-eabi/13.3.1/../../../../arm-none-eabi/lib/thumb/v7e-m+fp/hard\libc_nano.a(libc_a-mallocr.o)
                0x0800d364                _malloc_r
 .text.__malloc_lock
                0x0800d464        0xc C:/ST/STM32CubeIDE_1.19.0/STM32CubeIDE/plugins/com.st.stm32cube.ide.mcu.externaltools.gnu-tools-for-stm32.13.3.rel1.win32_1.0.0.202411081344/tools/bin/../lib/gcc/arm-none-eabi/13.3.1/../../../../arm-none-eabi/lib/thumb/v7e-m+fp/hard\libc_nano.a(libc_a-mlock.o)
                0x0800d464                __malloc_lock
 .text.__malloc_unlock
                0x0800d470        0xc C:/ST/STM32CubeIDE_1.19.0/STM32CubeIDE/plugins/com.st.stm32cube.ide.mcu.externaltools.gnu-tools-for-stm32.13.3.rel1.win32_1.0.0.202411081344/tools/bin/../lib/gcc/arm-none-eabi/13.3.1/../../../../arm-none-eabi/lib/thumb/v7e-m+fp/hard\libc_nano.a(libc_a-mlock.o)
                0x0800d470                __malloc_unlock
 .text.rand     0x0800d47c       0x7c C:/ST/STM32CubeIDE_1.19.0/STM32CubeIDE/plugins/com.st.stm32cube.ide.mcu.externaltools.gnu-tools-for-stm32.13.3.rel1.win32_1.0.0.202411081344/tools/bin/../lib/gcc/arm-none-eabi/13.3.1/../../../../arm-none-eabi/lib/thumb/v7e-m+fp/hard\libc_nano.a(libc_a-rand.o)
                0x0800d47c                rand
 .text.__utoa   0x0800d4f8       0x84 C:/ST/STM32CubeIDE_1.19.0/STM32CubeIDE/plugins/com.st.stm32cube.ide.mcu.externaltools.gnu-tools-for-stm32.13.3.rel1.win32_1.0.0.202411081344/tools/bin/../lib/gcc/arm-none-eabi/13.3.1/../../../../arm-none-eabi/lib/thumb/v7e-m+fp/hard\libc_nano.a(libc_a-utoa.o)
                0x0800d4f8                __utoa
 .text.std      0x0800d57c       0x6c C:/ST/STM32CubeIDE_1.19.0/STM32CubeIDE/plugins/com.st.stm32cube.ide.mcu.externaltools.gnu-tools-for-stm32.13.3.rel1.win32_1.0.0.202411081344/tools/bin/../lib/gcc/arm-none-eabi/13.3.1/../../../../arm-none-eabi/lib/thumb/v7e-m+fp/hard\libc_nano.a(libc_a-findfp.o)
 .text.stdio_exit_handler
                0x0800d5e8       0x18 C:/ST/STM32CubeIDE_1.19.0/STM32CubeIDE/plugins/com.st.stm32cube.ide.mcu.externaltools.gnu-tools-for-stm32.13.3.rel1.win32_1.0.0.202411081344/tools/bin/../lib/gcc/arm-none-eabi/13.3.1/../../../../arm-none-eabi/lib/thumb/v7e-m+fp/hard\libc_nano.a(libc_a-findfp.o)
 .text.cleanup_stdio
                0x0800d600       0x40 C:/ST/STM32CubeIDE_1.19.0/STM32CubeIDE/plugins/com.st.stm32cube.ide.mcu.externaltools.gnu-tools-for-stm32.13.3.rel1.win32_1.0.0.202411081344/tools/bin/../lib/gcc/arm-none-eabi/13.3.1/../../../../arm-none-eabi/lib/thumb/v7e-m+fp/hard\libc_nano.a(libc_a-findfp.o)
 .text.global_stdio_init.part.0
                0x0800d640       0x3c C:/ST/STM32CubeIDE_1.19.0/STM32CubeIDE/plugins/com.st.stm32cube.ide.mcu.externaltools.gnu-tools-for-stm32.13.3.rel1.win32_1.0.0.202411081344/tools/bin/../lib/gcc/arm-none-eabi/13.3.1/../../../../arm-none-eabi/lib/thumb/v7e-m+fp/hard\libc_nano.a(libc_a-findfp.o)
 .text.__sfp_lock_acquire
                0x0800d67c        0xc C:/ST/STM32CubeIDE_1.19.0/STM32CubeIDE/plugins/com.st.stm32cube.ide.mcu.externaltools.gnu-tools-for-stm32.13.3.rel1.win32_1.0.0.202411081344/tools/bin/../lib/gcc/arm-none-eabi/13.3.1/../../../../arm-none-eabi/lib/thumb/v7e-m+fp/hard\libc_nano.a(libc_a-findfp.o)
                0x0800d67c                __sfp_lock_acquire
 .text.__sfp_lock_release
                0x0800d688        0xc C:/ST/STM32CubeIDE_1.19.0/STM32CubeIDE/plugins/com.st.stm32cube.ide.mcu.externaltools.gnu-tools-for-stm32.13.3.rel1.win32_1.0.0.202411081344/tools/bin/../lib/gcc/arm-none-eabi/13.3.1/../../../../arm-none-eabi/lib/thumb/v7e-m+fp/hard\libc_nano.a(libc_a-findfp.o)
                0x0800d688                __sfp_lock_release
 .text.__sinit  0x0800d694       0x30 C:/ST/STM32CubeIDE_1.19.0/STM32CubeIDE/plugins/com.st.stm32cube.ide.mcu.externaltools.gnu-tools-for-stm32.13.3.rel1.win32_1.0.0.202411081344/tools/bin/../lib/gcc/arm-none-eabi/13.3.1/../../../../arm-none-eabi/lib/thumb/v7e-m+fp/hard\libc_nano.a(libc_a-findfp.o)
                0x0800d694                __sinit
 .text._fwalk_sglue
                0x0800d6c4       0x3c C:/ST/STM32CubeIDE_1.19.0/STM32CubeIDE/plugins/com.st.stm32cube.ide.mcu.externaltools.gnu-tools-for-stm32.13.3.rel1.win32_1.0.0.202411081344/tools/bin/../lib/gcc/arm-none-eabi/13.3.1/../../../../arm-none-eabi/lib/thumb/v7e-m+fp/hard\libc_nano.a(libc_a-fwalk.o)
                0x0800d6c4                _fwalk_sglue
 .text._puts_r  0x0800d700       0xaa C:/ST/STM32CubeIDE_1.19.0/STM32CubeIDE/plugins/com.st.stm32cube.ide.mcu.externaltools.gnu-tools-for-stm32.13.3.rel1.win32_1.0.0.202411081344/tools/bin/../lib/gcc/arm-none-eabi/13.3.1/../../../../arm-none-eabi/lib/thumb/v7e-m+fp/hard\libc_nano.a(libc_a-puts.o)
                0x0800d700                _puts_r
 *fill*         0x0800d7aa        0x2 
 .text.puts     0x0800d7ac       0x10 C:/ST/STM32CubeIDE_1.19.0/STM32CubeIDE/plugins/com.st.stm32cube.ide.mcu.externaltools.gnu-tools-for-stm32.13.3.rel1.win32_1.0.0.202411081344/tools/bin/../lib/gcc/arm-none-eabi/13.3.1/../../../../arm-none-eabi/lib/thumb/v7e-m+fp/hard\libc_nano.a(libc_a-puts.o)
                0x0800d7ac                puts
 .text.__sread  0x0800d7bc       0x22 C:/ST/STM32CubeIDE_1.19.0/STM32CubeIDE/plugins/com.st.stm32cube.ide.mcu.externaltools.gnu-tools-for-stm32.13.3.rel1.win32_1.0.0.202411081344/tools/bin/../lib/gcc/arm-none-eabi/13.3.1/../../../../arm-none-eabi/lib/thumb/v7e-m+fp/hard\libc_nano.a(libc_a-stdio.o)
                0x0800d7bc                __sread
 .text.__swrite
                0x0800d7de       0x38 C:/ST/STM32CubeIDE_1.19.0/STM32CubeIDE/plugins/com.st.stm32cube.ide.mcu.externaltools.gnu-tools-for-stm32.13.3.rel1.win32_1.0.0.202411081344/tools/bin/../lib/gcc/arm-none-eabi/13.3.1/../../../../arm-none-eabi/lib/thumb/v7e-m+fp/hard\libc_nano.a(libc_a-stdio.o)
                0x0800d7de                __swrite
 .text.__sseek  0x0800d816       0x24 C:/ST/STM32CubeIDE_1.19.0/STM32CubeIDE/plugins/com.st.stm32cube.ide.mcu.externaltools.gnu-tools-for-stm32.13.3.rel1.win32_1.0.0.202411081344/tools/bin/../lib/gcc/arm-none-eabi/13.3.1/../../../../arm-none-eabi/lib/thumb/v7e-m+fp/hard\libc_nano.a(libc_a-stdio.o)
                0x0800d816                __sseek
 .text.__sclose
                0x0800d83a        0x8 C:/ST/STM32CubeIDE_1.19.0/STM32CubeIDE/plugins/com.st.stm32cube.ide.mcu.externaltools.gnu-tools-for-stm32.13.3.rel1.win32_1.0.0.202411081344/tools/bin/../lib/gcc/arm-none-eabi/13.3.1/../../../../arm-none-eabi/lib/thumb/v7e-m+fp/hard\libc_nano.a(libc_a-stdio.o)
                0x0800d83a                __sclose
 .text.__swbuf_r
                0x0800d842       0x7c C:/ST/STM32CubeIDE_1.19.0/STM32CubeIDE/plugins/com.st.stm32cube.ide.mcu.externaltools.gnu-tools-for-stm32.13.3.rel1.win32_1.0.0.202411081344/tools/bin/../lib/gcc/arm-none-eabi/13.3.1/../../../../arm-none-eabi/lib/thumb/v7e-m+fp/hard\libc_nano.a(libc_a-wbuf.o)
                0x0800d842                __swbuf_r
 *fill*         0x0800d8be        0x2 
 .text.__swsetup_r
                0x0800d8c0       0xac C:/ST/STM32CubeIDE_1.19.0/STM32CubeIDE/plugins/com.st.stm32cube.ide.mcu.externaltools.gnu-tools-for-stm32.13.3.rel1.win32_1.0.0.202411081344/tools/bin/../lib/gcc/arm-none-eabi/13.3.1/../../../../arm-none-eabi/lib/thumb/v7e-m+fp/hard\libc_nano.a(libc_a-wsetup.o)
                0x0800d8c0                __swsetup_r
 .text.memset   0x0800d96c       0x10 C:/ST/STM32CubeIDE_1.19.0/STM32CubeIDE/plugins/com.st.stm32cube.ide.mcu.externaltools.gnu-tools-for-stm32.13.3.rel1.win32_1.0.0.202411081344/tools/bin/../lib/gcc/arm-none-eabi/13.3.1/../../../../arm-none-eabi/lib/thumb/v7e-m+fp/hard\libc_nano.a(libc_a-memset.o)
                0x0800d96c                memset
 .text._raise_r
                0x0800d97c       0x50 C:/ST/STM32CubeIDE_1.19.0/STM32CubeIDE/plugins/com.st.stm32cube.ide.mcu.externaltools.gnu-tools-for-stm32.13.3.rel1.win32_1.0.0.202411081344/tools/bin/../lib/gcc/arm-none-eabi/13.3.1/../../../../arm-none-eabi/lib/thumb/v7e-m+fp/hard\libc_nano.a(libc_a-signal.o)
                0x0800d97c                _raise_r
 .text.raise    0x0800d9cc       0x10 C:/ST/STM32CubeIDE_1.19.0/STM32CubeIDE/plugins/com.st.stm32cube.ide.mcu.externaltools.gnu-tools-for-stm32.13.3.rel1.win32_1.0.0.202411081344/tools/bin/../lib/gcc/arm-none-eabi/13.3.1/../../../../arm-none-eabi/lib/thumb/v7e-m+fp/hard\libc_nano.a(libc_a-signal.o)
                0x0800d9cc                raise
 .text._close_r
                0x0800d9dc       0x20 C:/ST/STM32CubeIDE_1.19.0/STM32CubeIDE/plugins/com.st.stm32cube.ide.mcu.externaltools.gnu-tools-for-stm32.13.3.rel1.win32_1.0.0.202411081344/tools/bin/../lib/gcc/arm-none-eabi/13.3.1/../../../../arm-none-eabi/lib/thumb/v7e-m+fp/hard\libc_nano.a(libc_a-closer.o)
                0x0800d9dc                _close_r
 .text._lseek_r
                0x0800d9fc       0x24 C:/ST/STM32CubeIDE_1.19.0/STM32CubeIDE/plugins/com.st.stm32cube.ide.mcu.externaltools.gnu-tools-for-stm32.13.3.rel1.win32_1.0.0.202411081344/tools/bin/../lib/gcc/arm-none-eabi/13.3.1/../../../../arm-none-eabi/lib/thumb/v7e-m+fp/hard\libc_nano.a(libc_a-lseekr.o)
                0x0800d9fc                _lseek_r
 .text._read_r  0x0800da20       0x24 C:/ST/STM32CubeIDE_1.19.0/STM32CubeIDE/plugins/com.st.stm32cube.ide.mcu.externaltools.gnu-tools-for-stm32.13.3.rel1.win32_1.0.0.202411081344/tools/bin/../lib/gcc/arm-none-eabi/13.3.1/../../../../arm-none-eabi/lib/thumb/v7e-m+fp/hard\libc_nano.a(libc_a-readr.o)
                0x0800da20                _read_r
 .text._kill_r  0x0800da44       0x24 C:/ST/STM32CubeIDE_1.19.0/STM32CubeIDE/plugins/com.st.stm32cube.ide.mcu.externaltools.gnu-tools-for-stm32.13.3.rel1.win32_1.0.0.202411081344/tools/bin/../lib/gcc/arm-none-eabi/13.3.1/../../../../arm-none-eabi/lib/thumb/v7e-m+fp/hard\libc_nano.a(libc_a-signalr.o)
                0x0800da44                _kill_r
 .text._getpid_r
                0x0800da68        0x4 C:/ST/STM32CubeIDE_1.19.0/STM32CubeIDE/plugins/com.st.stm32cube.ide.mcu.externaltools.gnu-tools-for-stm32.13.3.rel1.win32_1.0.0.202411081344/tools/bin/../lib/gcc/arm-none-eabi/13.3.1/../../../../arm-none-eabi/lib/thumb/v7e-m+fp/hard\libc_nano.a(libc_a-signalr.o)
                0x0800da68                _getpid_r
 .text._sbrk_r  0x0800da6c       0x20 C:/ST/STM32CubeIDE_1.19.0/STM32CubeIDE/plugins/com.st.stm32cube.ide.mcu.externaltools.gnu-tools-for-stm32.13.3.rel1.win32_1.0.0.202411081344/tools/bin/../lib/gcc/arm-none-eabi/13.3.1/../../../../arm-none-eabi/lib/thumb/v7e-m+fp/hard\libc_nano.a(libc_a-sbrkr.o)
                0x0800da6c                _sbrk_r
 .text._write_r
                0x0800da8c       0x24 C:/ST/STM32CubeIDE_1.19.0/STM32CubeIDE/plugins/com.st.stm32cube.ide.mcu.externaltools.gnu-tools-for-stm32.13.3.rel1.win32_1.0.0.202411081344/tools/bin/../lib/gcc/arm-none-eabi/13.3.1/../../../../arm-none-eabi/lib/thumb/v7e-m+fp/hard\libc_nano.a(libc_a-writer.o)
                0x0800da8c                _write_r
 .text.__errno  0x0800dab0        0xc C:/ST/STM32CubeIDE_1.19.0/STM32CubeIDE/plugins/com.st.stm32cube.ide.mcu.externaltools.gnu-tools-for-stm32.13.3.rel1.win32_1.0.0.202411081344/tools/bin/../lib/gcc/arm-none-eabi/13.3.1/../../../../arm-none-eabi/lib/thumb/v7e-m+fp/hard\libc_nano.a(libc_a-errno.o)
                0x0800dab0                __errno
 .text.__libc_init_array
                0x0800dabc       0x48 C:/ST/STM32CubeIDE_1.19.0/STM32CubeIDE/plugins/com.st.stm32cube.ide.mcu.externaltools.gnu-tools-for-stm32.13.3.rel1.win32_1.0.0.202411081344/tools/bin/../lib/gcc/arm-none-eabi/13.3.1/../../../../arm-none-eabi/lib/thumb/v7e-m+fp/hard\libc_nano.a(libc_a-init.o)
                0x0800dabc                __libc_init_array
 .text.__retarget_lock_init_recursive
                0x0800db04        0x2 C:/ST/STM32CubeIDE_1.19.0/STM32CubeIDE/plugins/com.st.stm32cube.ide.mcu.externaltools.gnu-tools-for-stm32.13.3.rel1.win32_1.0.0.202411081344/tools/bin/../lib/gcc/arm-none-eabi/13.3.1/../../../../arm-none-eabi/lib/thumb/v7e-m+fp/hard\libc_nano.a(libc_a-lock.o)
                0x0800db04                __retarget_lock_init_recursive
 .text.__retarget_lock_acquire_recursive
                0x0800db06        0x2 C:/ST/STM32CubeIDE_1.19.0/STM32CubeIDE/plugins/com.st.stm32cube.ide.mcu.externaltools.gnu-tools-for-stm32.13.3.rel1.win32_1.0.0.202411081344/tools/bin/../lib/gcc/arm-none-eabi/13.3.1/../../../../arm-none-eabi/lib/thumb/v7e-m+fp/hard\libc_nano.a(libc_a-lock.o)
                0x0800db06                __retarget_lock_acquire_recursive
 .text.__retarget_lock_release_recursive
                0x0800db08        0x2 C:/ST/STM32CubeIDE_1.19.0/STM32CubeIDE/plugins/com.st.stm32cube.ide.mcu.externaltools.gnu-tools-for-stm32.13.3.rel1.win32_1.0.0.202411081344/tools/bin/../lib/gcc/arm-none-eabi/13.3.1/../../../../arm-none-eabi/lib/thumb/v7e-m+fp/hard\libc_nano.a(libc_a-lock.o)
                0x0800db08                __retarget_lock_release_recursive
 .text.memcpy   0x0800db0a       0x1c C:/ST/STM32CubeIDE_1.19.0/STM32CubeIDE/plugins/com.st.stm32cube.ide.mcu.externaltools.gnu-tools-for-stm32.13.3.rel1.win32_1.0.0.202411081344/tools/bin/../lib/gcc/arm-none-eabi/13.3.1/../../../../arm-none-eabi/lib/thumb/v7e-m+fp/hard\libc_nano.a(libc_a-memcpy-stub.o)
                0x0800db0a                memcpy
 *fill*         0x0800db26        0x2 
 .text.__assert_func
                0x0800db28       0x3c C:/ST/STM32CubeIDE_1.19.0/STM32CubeIDE/plugins/com.st.stm32cube.ide.mcu.externaltools.gnu-tools-for-stm32.13.3.rel1.win32_1.0.0.202411081344/tools/bin/../lib/gcc/arm-none-eabi/13.3.1/../../../../arm-none-eabi/lib/thumb/v7e-m+fp/hard\libc_nano.a(libc_a-assert.o)
                0x0800db28                __assert_func
 .text._free_r  0x0800db64       0x94 C:/ST/STM32CubeIDE_1.19.0/STM32CubeIDE/plugins/com.st.stm32cube.ide.mcu.externaltools.gnu-tools-for-stm32.13.3.rel1.win32_1.0.0.202411081344/tools/bin/../lib/gcc/arm-none-eabi/13.3.1/../../../../arm-none-eabi/lib/thumb/v7e-m+fp/hard\libc_nano.a(libc_a-freer.o)
                0x0800db64                _free_r
 .text.__sflush_r
                0x0800dbf8      0x108 C:/ST/STM32CubeIDE_1.19.0/STM32CubeIDE/plugins/com.st.stm32cube.ide.mcu.externaltools.gnu-tools-for-stm32.13.3.rel1.win32_1.0.0.202411081344/tools/bin/../lib/gcc/arm-none-eabi/13.3.1/../../../../arm-none-eabi/lib/thumb/v7e-m+fp/hard\libc_nano.a(libc_a-fflush.o)
                0x0800dbf8                __sflush_r
 .text._fflush_r
                0x0800dd00       0x50 C:/ST/STM32CubeIDE_1.19.0/STM32CubeIDE/plugins/com.st.stm32cube.ide.mcu.externaltools.gnu-tools-for-stm32.13.3.rel1.win32_1.0.0.202411081344/tools/bin/../lib/gcc/arm-none-eabi/13.3.1/../../../../arm-none-eabi/lib/thumb/v7e-m+fp/hard\libc_nano.a(libc_a-fflush.o)
                0x0800dd00                _fflush_r
 .text.fprintf  0x0800dd50       0x24 C:/ST/STM32CubeIDE_1.19.0/STM32CubeIDE/plugins/com.st.stm32cube.ide.mcu.externaltools.gnu-tools-for-stm32.13.3.rel1.win32_1.0.0.202411081344/tools/bin/../lib/gcc/arm-none-eabi/13.3.1/../../../../arm-none-eabi/lib/thumb/v7e-m+fp/hard\libc_nano.a(libc_a-fprintf.o)
                0x0800dd50                fiprintf
                0x0800dd50                fprintf
 .text.__swhatbuf_r
                0x0800dd74       0x4c C:/ST/STM32CubeIDE_1.19.0/STM32CubeIDE/plugins/com.st.stm32cube.ide.mcu.externaltools.gnu-tools-for-stm32.13.3.rel1.win32_1.0.0.202411081344/tools/bin/../lib/gcc/arm-none-eabi/13.3.1/../../../../arm-none-eabi/lib/thumb/v7e-m+fp/hard\libc_nano.a(libc_a-makebuf.o)
                0x0800dd74                __swhatbuf_r
 .text.__smakebuf_r
                0x0800ddc0       0x78 C:/ST/STM32CubeIDE_1.19.0/STM32CubeIDE/plugins/com.st.stm32cube.ide.mcu.externaltools.gnu-tools-for-stm32.13.3.rel1.win32_1.0.0.202411081344/tools/bin/../lib/gcc/arm-none-eabi/13.3.1/../../../../arm-none-eabi/lib/thumb/v7e-m+fp/hard\libc_nano.a(libc_a-makebuf.o)
                0x0800ddc0                __smakebuf_r
 .text._fstat_r
                0x0800de38       0x24 C:/ST/STM32CubeIDE_1.19.0/STM32CubeIDE/plugins/com.st.stm32cube.ide.mcu.externaltools.gnu-tools-for-stm32.13.3.rel1.win32_1.0.0.202411081344/tools/bin/../lib/gcc/arm-none-eabi/13.3.1/../../../../arm-none-eabi/lib/thumb/v7e-m+fp/hard\libc_nano.a(libc_a-fstatr.o)
                0x0800de38                _fstat_r
 .text._isatty_r
                0x0800de5c       0x20 C:/ST/STM32CubeIDE_1.19.0/STM32CubeIDE/plugins/com.st.stm32cube.ide.mcu.externaltools.gnu-tools-for-stm32.13.3.rel1.win32_1.0.0.202411081344/tools/bin/../lib/gcc/arm-none-eabi/13.3.1/../../../../arm-none-eabi/lib/thumb/v7e-m+fp/hard\libc_nano.a(libc_a-isattyr.o)
                0x0800de5c                _isatty_r
 .text.__sfputc_r
                0x0800de7c       0x2e C:/ST/STM32CubeIDE_1.19.0/STM32CubeIDE/plugins/com.st.stm32cube.ide.mcu.externaltools.gnu-tools-for-stm32.13.3.rel1.win32_1.0.0.202411081344/tools/bin/../lib/gcc/arm-none-eabi/13.3.1/../../../../arm-none-eabi/lib/thumb/v7e-m+fp/hard\libc_nano.a(libc_a-nano-vfprintf.o)
 .text.__sfputs_r
                0x0800deaa       0x24 C:/ST/STM32CubeIDE_1.19.0/STM32CubeIDE/plugins/com.st.stm32cube.ide.mcu.externaltools.gnu-tools-for-stm32.13.3.rel1.win32_1.0.0.202411081344/tools/bin/../lib/gcc/arm-none-eabi/13.3.1/../../../../arm-none-eabi/lib/thumb/v7e-m+fp/hard\libc_nano.a(libc_a-nano-vfprintf.o)
                0x0800deaa                __sfputs_r
 *fill*         0x0800dece        0x2 
 .text._vfprintf_r
                0x0800ded0      0x230 C:/ST/STM32CubeIDE_1.19.0/STM32CubeIDE/plugins/com.st.stm32cube.ide.mcu.externaltools.gnu-tools-for-stm32.13.3.rel1.win32_1.0.0.202411081344/tools/bin/../lib/gcc/arm-none-eabi/13.3.1/../../../../arm-none-eabi/lib/thumb/v7e-m+fp/hard\libc_nano.a(libc_a-nano-vfprintf.o)
                0x0800ded0                _vfprintf_r
                0x0800ded0                _vfiprintf_r
 .text._printf_common
                0x0800e100       0xda C:/ST/STM32CubeIDE_1.19.0/STM32CubeIDE/plugins/com.st.stm32cube.ide.mcu.externaltools.gnu-tools-for-stm32.13.3.rel1.win32_1.0.0.202411081344/tools/bin/../lib/gcc/arm-none-eabi/13.3.1/../../../../arm-none-eabi/lib/thumb/v7e-m+fp/hard\libc_nano.a(libc_a-nano-vfprintf_i.o)
                0x0800e100                _printf_common
 *fill*         0x0800e1da        0x2 
 .text._printf_i
                0x0800e1dc      0x23c C:/ST/STM32CubeIDE_1.19.0/STM32CubeIDE/plugins/com.st.stm32cube.ide.mcu.externaltools.gnu-tools-for-stm32.13.3.rel1.win32_1.0.0.202411081344/tools/bin/../lib/gcc/arm-none-eabi/13.3.1/../../../../arm-none-eabi/lib/thumb/v7e-m+fp/hard\libc_nano.a(libc_a-nano-vfprintf_i.o)
                0x0800e1dc                _printf_i
 *(.glue_7)
 .glue_7        0x0800e418        0x0 linker stubs
 *(.glue_7t)
 .glue_7t       0x0800e418        0x0 linker stubs
 *(.eh_frame)
 .eh_frame      0x0800e418        0x0 C:/ST/STM32CubeIDE_1.19.0/STM32CubeIDE/plugins/com.st.stm32cube.ide.mcu.externaltools.gnu-tools-for-stm32.13.3.rel1.win32_1.0.0.202411081344/tools/bin/../lib/gcc/arm-none-eabi/13.3.1/thumb/v7e-m+fp/hard/crtbegin.o
 *(.init)
 .init          0x0800e418        0x4 C:/ST/STM32CubeIDE_1.19.0/STM32CubeIDE/plugins/com.st.stm32cube.ide.mcu.externaltools.gnu-tools-for-stm32.13.3.rel1.win32_1.0.0.202411081344/tools/bin/../lib/gcc/arm-none-eabi/13.3.1/thumb/v7e-m+fp/hard/crti.o
                0x0800e418                _init
 .init          0x0800e41c        0x8 C:/ST/STM32CubeIDE_1.19.0/STM32CubeIDE/plugins/com.st.stm32cube.ide.mcu.externaltools.gnu-tools-for-stm32.13.3.rel1.win32_1.0.0.202411081344/tools/bin/../lib/gcc/arm-none-eabi/13.3.1/thumb/v7e-m+fp/hard/crtn.o
 *(.fini)
 .fini          0x0800e424        0x4 C:/ST/STM32CubeIDE_1.19.0/STM32CubeIDE/plugins/com.st.stm32cube.ide.mcu.externaltools.gnu-tools-for-stm32.13.3.rel1.win32_1.0.0.202411081344/tools/bin/../lib/gcc/arm-none-eabi/13.3.1/thumb/v7e-m+fp/hard/crti.o
                0x0800e424                _fini
 .fini          0x0800e428        0x8 C:/ST/STM32CubeIDE_1.19.0/STM32CubeIDE/plugins/com.st.stm32cube.ide.mcu.externaltools.gnu-tools-for-stm32.13.3.rel1.win32_1.0.0.202411081344/tools/bin/../lib/gcc/arm-none-eabi/13.3.1/thumb/v7e-m+fp/hard/crtn.o
                0x0800e430                        . = ALIGN (0x4)
                0x0800e430                        _etext = .

.vfp11_veneer   0x0800e430        0x0
 .vfp11_veneer  0x0800e430        0x0 linker stubs

.v4_bx          0x0800e430        0x0
 .v4_bx         0x0800e430        0x0 linker stubs

.iplt           0x0800e430        0x0
 .iplt          0x0800e430        0x0 C:/ST/STM32CubeIDE_1.19.0/STM32CubeIDE/plugins/com.st.stm32cube.ide.mcu.externaltools.gnu-tools-for-stm32.13.3.rel1.win32_1.0.0.202411081344/tools/bin/../lib/gcc/arm-none-eabi/13.3.1/thumb/v7e-m+fp/hard/crtbegin.o

.rodata         0x0800e430      0xe88
                0x0800e430                        . = ALIGN (0x4)
 *(.rodata)
 .rodata        0x0800e430       0x4c ./USB_DEVICE/App/usbd_desc.o
 .rodata        0x0800e47c      0x758 C:\Users\Bacnk\Documents\CODE_MCU_git\testinmp441\Middlewares\ST\STM32_Audio\Addons\SVC\Lib\libSVC.a(svc.o)
                0x0800e4bc                SVC_W_LUT
                0x0800e5e0                SVC_R_LUT_INV
                0x0800e704                SVC_W_LUT_INV
                0x0800e828                SVC_VOL_LUT
                0x0800ebcc                svc_persistent_mem_size
                0x0800ebd0                svc_scratch_mem_size
 .rodata        0x0800ebd4      0x5c0 C:\Users\Bacnk\Documents\CODE_MCU_git\testinmp441\Middlewares\ST\STM32_Audio\Addons\GREQ\Lib\libGREQ.a(greq.o)
                0x0800ebd4                PRESET_GAIN_JAZZ_5
                0x0800ebe0                PRESET_GAIN_POP_5
                0x0800ebec                PRESET_GAIN_ROCK_5
                0x0800ebf8                PRESET_GAIN_VOCAL_5
                0x0800ec04                PRESET_GAIN_CLASSICAL_5
                0x0800ec10                PRESET_GAIN_HIPHOP_5
                0x0800ec1c                PRESET_GAIN_JAZZ_8
                0x0800ec2c                PRESET_GAIN_POP_8
                0x0800ec3c                PRESET_GAIN_ROCK_8
                0x0800ec4c                PRESET_GAIN_VOCAL_8
                0x0800ec5c                PRESET_GAIN_CLASSICAL_8
                0x0800ec6c                PRESET_GAIN_HIPHOP_8
                0x0800ec7c                PRESET_GAIN_JAZZ_10
                0x0800ec90                PRESET_GAIN_POP_10
                0x0800eca4                PRESET_GAIN_ROCK_10
                0x0800ecb8                PRESET_GAIN_VOCAL_10
                0x0800eccc                PRESET_GAIN_CLASSICAL_10
                0x0800ece0                PRESET_GAIN_HIPHOP_10
                0x0800ecf4                BIQ_8_BANDS
                0x0800ed74                BIQ_5_BANDS
                0x0800edc4                BIQ_10_BANDS
                0x0800ee64                GAIN_DB_12_TO_LINEAR
                0x0800ee98                greq_scratch_mem_size
                0x0800ee9c                greq_persistent_mem_size
                0x0800eea0                PRE_COMP_MATRIX_10_BANDS
                0x0800f030                PRE_COMP_MATRIX_8_BANDS
                0x0800f130                PRE_COMP_MATRIX_5_BANDS
 *(.rodata*)
 .rodata.AHBPrescTable
                0x0800f194       0x10 ./Core/Src/system_stm32f4xx.o
                0x0800f194                AHBPrescTable
 .rodata.APBPrescTable
                0x0800f1a4        0x8 ./Core/Src/system_stm32f4xx.o
                0x0800f1a4                APBPrescTable
 .rodata.flagBitshiftOffset.0
                0x0800f1ac        0x8 ./Drivers/STM32F4xx_HAL_Driver/Src/stm32f4xx_hal_dma.o
 .rodata.srand.str1.1
                0x0800f1b4      0x103 C:/ST/STM32CubeIDE_1.19.0/STM32CubeIDE/plugins/com.st.stm32cube.ide.mcu.externaltools.gnu-tools-for-stm32.13.3.rel1.win32_1.0.0.202411081344/tools/bin/../lib/gcc/arm-none-eabi/13.3.1/../../../../arm-none-eabi/lib/thumb/v7e-m+fp/hard\libc_nano.a(libc_a-rand.o)
                                 0x6f (size before relaxing)
 .rodata.__utoa.str1.1
                0x0800f2b7       0x25 C:/ST/STM32CubeIDE_1.19.0/STM32CubeIDE/plugins/com.st.stm32cube.ide.mcu.externaltools.gnu-tools-for-stm32.13.3.rel1.win32_1.0.0.202411081344/tools/bin/../lib/gcc/arm-none-eabi/13.3.1/../../../../arm-none-eabi/lib/thumb/v7e-m+fp/hard\libc_nano.a(libc_a-utoa.o)
 .rodata.__assert_func.str1.1
                0x0800f2b7       0x3d C:/ST/STM32CubeIDE_1.19.0/STM32CubeIDE/plugins/com.st.stm32cube.ide.mcu.externaltools.gnu-tools-for-stm32.13.3.rel1.win32_1.0.0.202411081344/tools/bin/../lib/gcc/arm-none-eabi/13.3.1/../../../../arm-none-eabi/lib/thumb/v7e-m+fp/hard\libc_nano.a(libc_a-assert.o)
 .rodata._vfprintf_r.str1.1
                0x0800f2b7       0x11 C:/ST/STM32CubeIDE_1.19.0/STM32CubeIDE/plugins/com.st.stm32cube.ide.mcu.externaltools.gnu-tools-for-stm32.13.3.rel1.win32_1.0.0.202411081344/tools/bin/../lib/gcc/arm-none-eabi/13.3.1/../../../../arm-none-eabi/lib/thumb/v7e-m+fp/hard\libc_nano.a(libc_a-nano-vfprintf.o)
 .rodata._printf_i.str1.1
                0x0800f2b7       0x22 C:/ST/STM32CubeIDE_1.19.0/STM32CubeIDE/plugins/com.st.stm32cube.ide.mcu.externaltools.gnu-tools-for-stm32.13.3.rel1.win32_1.0.0.202411081344/tools/bin/../lib/gcc/arm-none-eabi/13.3.1/../../../../arm-none-eabi/lib/thumb/v7e-m+fp/hard\libc_nano.a(libc_a-nano-vfprintf_i.o)
                0x0800f2f4                        . = ALIGN (0x4)
 *fill*         0x0800f2b7        0x1 

.ARM.extab      0x0800f2b8        0x0
                0x0800f2b8                        . = ALIGN (0x4)
 *(.ARM.extab* .gnu.linkonce.armextab.*)
                0x0800f2b8                        . = ALIGN (0x4)

.ARM            0x0800f2b8        0x8
                0x0800f2b8                        . = ALIGN (0x4)
                0x0800f2b8                        __exidx_start = .
 *(.ARM.exidx*)
 .ARM.exidx     0x0800f2b8        0x8 C:/ST/STM32CubeIDE_1.19.0/STM32CubeIDE/plugins/com.st.stm32cube.ide.mcu.externaltools.gnu-tools-for-stm32.13.3.rel1.win32_1.0.0.202411081344/tools/bin/../lib/gcc/arm-none-eabi/13.3.1/../../../../arm-none-eabi/lib/thumb/v7e-m+fp/hard\libc_nano.a(libc_a-memchr.o)
 .ARM.exidx     0x0800f2c0        0x0 C:/ST/STM32CubeIDE_1.19.0/STM32CubeIDE/plugins/com.st.stm32cube.ide.mcu.externaltools.gnu-tools-for-stm32.13.3.rel1.win32_1.0.0.202411081344/tools/bin/../lib/gcc/arm-none-eabi/13.3.1/thumb/v7e-m+fp/hard\libgcc.a(_udivmoddi4.o)
                                  0x8 (size before relaxing)
                0x0800f2c0                        __exidx_end = .
                0x0800f2c0                        . = ALIGN (0x4)

.preinit_array  0x0800f2c0        0x0
                0x0800f2c0                        . = ALIGN (0x4)
                0x0800f2c0                        PROVIDE (__preinit_array_start = .)
 *(.preinit_array*)
                0x0800f2c0                        PROVIDE (__preinit_array_end = .)
                0x0800f2c0                        . = ALIGN (0x4)

.init_array     0x0800f2c0        0x4
                0x0800f2c0                        . = ALIGN (0x4)
                0x0800f2c0                        PROVIDE (__init_array_start = .)
 *(SORT_BY_NAME(.init_array.*))
 *(.init_array*)
 .init_array    0x0800f2c0        0x4 C:/ST/STM32CubeIDE_1.19.0/STM32CubeIDE/plugins/com.st.stm32cube.ide.mcu.externaltools.gnu-tools-for-stm32.13.3.rel1.win32_1.0.0.202411081344/tools/bin/../lib/gcc/arm-none-eabi/13.3.1/thumb/v7e-m+fp/hard/crtbegin.o
                0x0800f2c4                        PROVIDE (__init_array_end = .)
                0x0800f2c4                        . = ALIGN (0x4)

.fini_array     0x0800f2c4        0x4
                0x0800f2c4                        . = ALIGN (0x4)
                [!provide]                        PROVIDE (__fini_array_start = .)
 *(SORT_BY_NAME(.fini_array.*))
 *(.fini_array*)
 .fini_array    0x0800f2c4        0x4 C:/ST/STM32CubeIDE_1.19.0/STM32CubeIDE/plugins/com.st.stm32cube.ide.mcu.externaltools.gnu-tools-for-stm32.13.3.rel1.win32_1.0.0.202411081344/tools/bin/../lib/gcc/arm-none-eabi/13.3.1/thumb/v7e-m+fp/hard/crtbegin.o
                [!provide]                        PROVIDE (__fini_array_end = .)
                0x0800f2c8                        . = ALIGN (0x4)
                0x0800f2c8                        _sidata = LOADADDR (.data)

.rel.dyn        0x0800f2c8        0x0
 .rel.iplt      0x0800f2c8        0x0 C:/ST/STM32CubeIDE_1.19.0/STM32CubeIDE/plugins/com.st.stm32cube.ide.mcu.externaltools.gnu-tools-for-stm32.13.3.rel1.win32_1.0.0.202411081344/tools/bin/../lib/gcc/arm-none-eabi/13.3.1/thumb/v7e-m+fp/hard/crtbegin.o

.data           0x20000000      0x120 load address 0x0800f2c8
                0x20000000                        . = ALIGN (0x4)
                0x20000000                        _sdata = .
 *(.data)
 *(.data*)
 .data.SystemCoreClock
                0x20000000        0x4 ./Core/Src/system_stm32f4xx.o
                0x20000000                SystemCoreClock
 .data.uwTickPrio
                0x20000004        0x4 ./Drivers/STM32F4xx_HAL_Driver/Src/stm32f4xx_hal.o
                0x20000004                uwTickPrio
 .data.uwTickFreq
                0x20000008        0x1 ./Drivers/STM32F4xx_HAL_Driver/Src/stm32f4xx_hal.o