../Core/Inc/MuteButton.h:63:13:bool MuteButton::isMuted() const	16	static
../Core/Inc/VolumeControl.h:91:13:void VolumeControl::setVolume(int16_t)	24	static
../Core/Inc/VolumeControl.h:105:13:void VolumeControl::setMute(bool)	24	static
../Core/Inc/VolumeControl.h:119:13:bool VolumeControl::isMuted() const	16	static
../Core/Inc/VolumeControl.h:127:13:void VolumeControl::process(int16_t*, int32_t)	32	static
../Core/Inc/GraphicEqualizer.h:115:13:void GraphicEqualizer::process(int16_t*, int32_t)	32	static
../Core/Inc/Audio.h:83:15:int8_t Audio::start()	24	static
../Core/Inc/Audio.h:100:15:int8_t Audio::stop()	24	static
../Core/Inc/Audio.h:114:15:int8_t Audio::pause()	24	static
../Core/Inc/Audio.h:129:15:int8_t Audio::resume()	24	static
../Core/Inc/Audio.h:151:13:void Audio::setVolume(int16_t)	16	static
../Core/Inc/Audio.h:185:13:void Audio::sendData(volatile int32_t*, int16_t*)	48	static
../Core/Inc/Audio.h:267:13:void Audio::i2s_halfComplete()	16	static
../Core/Inc/Audio.h:276:13:void Audio::i2s_complete()	16	static
../USB_DEVICE/App/usbd_audio_if.cpp:24:15:int8_t Audio_Init(uint32_t, uint32_t, uint32_t)	24	static
../USB_DEVICE/App/usbd_audio_if.cpp:35:15:int8_t Audio_DeInit(uint32_t)	16	static
../USB_DEVICE/App/usbd_audio_if.cpp:44:15:int8_t Audio_Record()	8	static
../USB_DEVICE/App/usbd_audio_if.cpp:54:15:int8_t Audio_VolumeCtl(int16_t)	16	static
../USB_DEVICE/App/usbd_audio_if.cpp:65:15:int8_t Audio_MuteCtl(uint8_t)	16	static
../USB_DEVICE/App/usbd_audio_if.cpp:75:15:int8_t Audio_Stop()	8	static
../USB_DEVICE/App/usbd_audio_if.cpp:85:15:int8_t Audio_Pause()	8	static
../USB_DEVICE/App/usbd_audio_if.cpp:95:15:int8_t Audio_Resume()	8	static
../USB_DEVICE/App/usbd_audio_if.cpp:105:15:int8_t Audio_CommandMgr(uint8_t)	16	static
../USB_DEVICE/App/usbd_audio_if.cpp:115:6:void HAL_I2S_RxHalfCpltCallback(I2S_HandleTypeDef*)	16	static
../USB_DEVICE/App/usbd_audio_if.cpp:119:6:void HAL_I2S_RxCpltCallback(I2S_HandleTypeDef*)	16	static
