../Middlewares/ST/STM32_USB_Device_Library/Class/AUDIO/Src/usbd_audio_in.c:176:16:USBD_AUDIO_Init	24	static
../Middlewares/ST/STM32_USB_Device_Library/Class/AUDIO/Src/usbd_audio_in.c:212:16:USBD_AUDIO_DeInit	16	static
../Middlewares/ST/STM32_USB_Device_Library/Class/AUDIO/Src/usbd_audio_in.c:230:16:USBD_AUDIO_Setup	32	static
../Middlewares/ST/STM32_USB_Device_Library/Class/AUDIO/Src/usbd_audio_in.c:303:17:USBD_AUDIO_GetCfgDesc	16	static
../Middlewares/ST/STM32_USB_Device_Library/Class/AUDIO/Src/usbd_audio_in.c:315:16:USBD_AUDIO_DataIn	40	static
../Middlewares/ST/STM32_USB_Device_Library/Class/AUDIO/Src/usbd_audio_in.c:367:16:USBD_AUDIO_EP0_RxReady	24	static
../Middlewares/ST/STM32_USB_Device_Library/Class/AUDIO/Src/usbd_audio_in.c:398:16:USBD_AUDIO_EP0_TxReady	16	static
../Middlewares/ST/STM32_USB_Device_Library/Class/AUDIO/Src/usbd_audio_in.c:408:16:USBD_AUDIO_SOF	16	static
../Middlewares/ST/STM32_USB_Device_Library/Class/AUDIO/Src/usbd_audio_in.c:419:16:USBD_AUDIO_IsoINIncomplete	16	static
../Middlewares/ST/STM32_USB_Device_Library/Class/AUDIO/Src/usbd_audio_in.c:429:16:USBD_AUDIO_IsoOutIncomplete	16	static
../Middlewares/ST/STM32_USB_Device_Library/Class/AUDIO/Src/usbd_audio_in.c:439:16:USBD_AUDIO_DataOut	16	static
../Middlewares/ST/STM32_USB_Device_Library/Class/AUDIO/Src/usbd_audio_in.c:449:17:USBD_AUDIO_GetDeviceQualifierDesc	16	static
../Middlewares/ST/STM32_USB_Device_Library/Class/AUDIO/Src/usbd_audio_in.c:461:13:AUDIO_REQ_GetMaximum	32	static
../Middlewares/ST/STM32_USB_Device_Library/Class/AUDIO/Src/usbd_audio_in.c:495:13:AUDIO_REQ_GetMinimum	32	static
../Middlewares/ST/STM32_USB_Device_Library/Class/AUDIO/Src/usbd_audio_in.c:530:13:AUDIO_REQ_GetResolution	32	static
../Middlewares/ST/STM32_USB_Device_Library/Class/AUDIO/Src/usbd_audio_in.c:565:13:AUDIO_REQ_GetCurrent	48	static
../Middlewares/ST/STM32_USB_Device_Library/Class/AUDIO/Src/usbd_audio_in.c:604:13:AUDIO_REQ_SetCurrent	24	static
../Middlewares/ST/STM32_USB_Device_Library/Class/AUDIO/Src/usbd_audio_in.c:653:9:USBD_AUDIO_Data_Transfer	40	static
../Middlewares/ST/STM32_USB_Device_Library/Class/AUDIO/Src/usbd_audio_in.c:709:9:USBD_AUDIO_RegisterInterface	16	static
../Middlewares/ST/STM32_USB_Device_Library/Class/AUDIO/Src/usbd_audio_in.c:724:6:USBD_AUDIO_Init_Microphone_Descriptor	32	static
